******************************************************************************
                  TI ARM Linker PC v15.12.1                    
******************************************************************************
>> Linked Wed Apr 26 13:35:54 2017

OUTPUT FILE NAME:   <final_final.out>
ENTRY POINT SYMBOL: "_c_int00"  address: 00005d45


MEMORY CONFIGURATION

         name            origin    length      used     unused   attr    fill
----------------------  --------  ---------  --------  --------  ----  --------
  FLASH                 00000000   00040000  000064e4  00039b1c  R  X
  SRAM                  20000000   00008000  00000f85  0000707b  RW X


SEGMENT ALLOCATION MAP

run origin  load origin   length   init length attrs members
----------  ----------- ---------- ----------- ----- -------
00000000    00000000    000064e4   000064e4    r-x
  00000000    00000000    0000026c   0000026c    r-- .intvecs
  0000026c    0000026c    00005e7c   00005e7c    r-x .text
  000060e8    000060e8    00000390   00000390    r-- .const
  00006478    00006478    0000006c   0000006c    r-- .cinit
20000000    20000000    00000f8c   00000000    rw-
  20000000    20000000    0000026c   00000000    rw- .vtable
  2000026c    2000026c    00000800   00000000    rw- .stack
  20000a70    20000a70    00000400   00000000    rw- .sysmem
  20000e70    20000e70    000000bd   00000000    rw- .bss
  20000f30    20000f30    0000005c   00000000    rw- .data


SECTION ALLOCATION MAP

 output                                  attributes/
section   page    origin      length       input sections
--------  ----  ----------  ----------   ----------------
.intvecs   0    00000000    0000026c     
                  00000000    0000026c     tm4c123gh6pm_startup_ccs.obj (.intvecs)

.text      0    0000026c    00005e7c     
                  0000026c    00001110     rtsv7M4_T_le_v4SPD16_eabi.lib : _printfi.obj (.text)
                  0000137c    00000a84     open_interface.obj (.text)
                  00001e00    00000790     main.obj (.text)
                  00002590    00000740     rtsv7M4_T_le_v4SPD16_eabi.lib : k_rem_pio2.obj (.text)
                  00002cd0    000005e4                                   : s_cos.obj (.text)
                  000032b4    000005d0                                   : s_sin.obj (.text)
                  00003884    00000506     movement.obj (.text)
                  00003d8a    00000002     rtsv7M4_T_le_v4SPD16_eabi.lib : mpu_init.obj (.text)
                  00003d8c    000003dc                                   : memory.obj (.text)
                  00004168    000002ec     lcd.obj (.text)
                  00004454    000001f4     rtsv7M4_T_le_v4SPD16_eabi.lib : ull_div_t2.obj (.text)
                  00004648    000001e0     ping.obj (.text)
                  00004828    000001dc     uart.obj (.text)
                  00004a04    000001b6     rtsv7M4_T_le_v4SPD16_eabi.lib : fd_add_t2.obj (.text)
                  00004bba    00000002                                   : startup.obj (.text)
                  00004bbc    000001a8     ir.obj (.text)
                  00004d64    00000174     rtsv7M4_T_le_v4SPD16_eabi.lib : k_sin.obj (.text)
                  00004ed8    00000170                                   : e_sqrt.obj (.text)
                  00005048    0000016c                                   : k_cos.obj (.text)
                  000051b4    00000158     Timer.obj (.text)
                  0000530c    00000136     rtsv7M4_T_le_v4SPD16_eabi.lib : fd_div_t2.obj (.text)
                  00005442    00000002     --HOLE-- [fill = 0]
                  00005444    00000100     music.obj (.text)
                  00005544    000000fc     rtsv7M4_T_le_v4SPD16_eabi.lib : fd_mul_t2.obj (.text)
                  00005640    000000fc                                   : s_scalbn.obj (.text)
                  0000573c    000000f8                                   : s_floor.obj (.text)
                  00005834    0000009c                                   : memcpy_t2.obj (.text)
                  000058d0    00000088                                   : vsnprintf.obj (.text)
                  00005958    00000086                                   : fd_cmp_t2.obj (.text:__aeabi_cdcmple)
                  000059de    00000086                                   : fd_cmp_t2.obj (.text:__aeabi_cdrcmple)
                  00005a64    0000007a                                   : memset_t2.obj (.text)
                  00005ade    00000002     --HOLE-- [fill = 0]
                  00005ae0    00000070                                   : autoinit.obj (.text)
                  00005b50    0000006e                                   : fd_tos_t2.obj (.text)
                  00005bbe    0000006a                                   : copy_decompress_rle.obj (.text)
                  00005c28    00000064                                   : s_frexp.obj (.text)
                  00005c8c    00000060                                   : sprintf.obj (.text)
                  00005cec    00000056                                   : ltoa.obj (.text)
                  00005d42    00000002     --HOLE-- [fill = 0]
                  00005d44    00000054                                   : boot.obj (.text)
                  00005d98    00000054                                   : exit.obj (.text)
                  00005dec    0000004c                                   : atoi.obj (.text)
                  00005e38    0000004c                                   : cpy_tbl.obj (.text)
                  00005e84    00000048                                   : fd_toi_t2.obj (.text)
                  00005ecc    00000044                                   : fd_tou_t2.obj (.text)
                  00005f10    00000038                                   : fs_tod_t2.obj (.text)
                  00005f48    00000034     driverlib.lib : interrupt.obj (.text:IntRegister)
                  00005f7c    0000002e     rtsv7M4_T_le_v4SPD16_eabi.lib : i_tofd_t2.obj (.text)
                  00005faa    00000020                                   : u_tofd_t2.obj (.text)
                  00005fca    0000001c                                   : memccpy.obj (.text)
                  00005fe6    00000018     open_interface.obj (.text:oi_parseInt)
                  00005ffe    00000002     --HOLE-- [fill = 0]
                  00006000    00000018     rtsv7M4_T_le_v4SPD16_eabi.lib : args_main.obj (.text)
                  00006018    00000018                                   : strcmp.obj (.text)
                  00006030    00000016                                   : strchr.obj (.text)
                  00006046    00000002     --HOLE-- [fill = 0]
                  00006048    00000014                                   : _lock.obj (.text)
                  0000605c    00000014                                   : s_copysign.obj (.text)
                  00006070    00000014                                   : strcpy.obj (.text)
                  00006084    00000014                                   : strlen.obj (.text)
                  00006098    00000010     driverlib.lib : interrupt.obj (.text:IntMasterEnable)
                  000060a8    00000010     lcd.obj (.text:lcd_clear)
                  000060b8    0000000e     rtsv7M4_T_le_v4SPD16_eabi.lib : copy_decompress_none.obj (.text:decompress:none)
                  000060c6    0000000c     driverlib.lib : cpu.obj (.text:CPUcpsie)
                  000060d2    0000000c     tm4c123gh6pm_startup_ccs.obj (.text)
                  000060de    00000006     rtsv7M4_T_le_v4SPD16_eabi.lib : copy_decompress_rle.obj (.text:decompress:rle24)
                  000060e4    00000004                                   : pre_init.obj (.text)

.const     0    000060e8    00000390     
                  000060e8    00000158     rtsv7M4_T_le_v4SPD16_eabi.lib : k_rem_pio2.obj (.const:$O1$$)
                  00006240    00000101                                   : ctype.obj (.const:.string:_ctypes_)
                  00006341    00000041     music.obj (.const:.string:$P$T6$7)
                  00006382    00000041     music.obj (.const:.string:$P$T7$8)
                  000063c3    00000031     music.obj (.const:.string:$P$T4$5)
                  000063f4    00000031     music.obj (.const:.string:$P$T5$6)
                  00006425    00000013     music.obj (.const:.string:$P$T2$3)
                  00006438    00000013     music.obj (.const:.string:$P$T3$4)
                  0000644b    0000000f     open_interface.obj (.const:.string:$P$T0$3)
                  0000645a    0000000b     music.obj (.const:.string:$P$T0$1)
                  00006465    0000000b     music.obj (.const:.string:$P$T1$2)
                  00006470    00000004     lcd.obj (.const:.string:lineAddress$1)
                  00006474    00000004     lcd.obj (.const:.string:lineAddresses$2)

.cinit     0    00006478    0000006c     
                  00006478    0000002e     (.cinit..data.load) [load image, compression = rle]
                  000064a6    00000002     --HOLE-- [fill = 0]
                  000064a8    0000000b     (.cinit..vtable.load) [load image, compression = rle]
                  000064b3    00000005     --HOLE-- [fill = 0]
                  000064b8    00000009     (.cinit..bss.load) [load image, compression = rle]
                  000064c1    00000003     --HOLE-- [fill = 0]
                  000064c4    00000008     (__TI_handler_table)
                  000064cc    00000018     (__TI_cinit_table)

.init_array 
*          0    00000000    00000000     UNINITIALIZED

.vtable    0    20000000    0000026c     UNINITIALIZED
                  20000000    0000026c     driverlib.lib : interrupt.obj (.vtable)

.stack     0    2000026c    00000800     UNINITIALIZED
                  2000026c    00000800     --HOLE--

.sysmem    0    20000a70    00000400     UNINITIALIZED
                  20000a70    00000008     rtsv7M4_T_le_v4SPD16_eabi.lib : memory.obj (.sysmem)
                  20000a78    000003f8     --HOLE--

.bss       0    20000e70    000000bd     UNINITIALIZED
                  20000e70    00000054     lcd.obj (.bss:lastbuffer$3)
                  20000ec4    00000034     (.common:isr_char_buffer)
                  20000ef8    00000018     open_interface.obj (.bss:firmware$2)
                  20000f10    00000004     (.common:IR_distance)
                  20000f14    00000004     (.common:fallingEdge)
                  20000f18    00000004     (.common:isr_int_value)
                  20000f1c    00000004     (.common:mid_width)
                  20000f20    00000004     (.common:pulseLength)
                  20000f24    00000004     (.common:risingEdge)
                  20000f28    00000004     (.common:sonar_distance)
                  20000f2c    00000001     (.common:isRisingEdge)

.data      0    20000f30    0000005c     UNINITIALIZED
                  20000f30    00000020     main.obj (.data)
                  20000f50    00000010     open_interface.obj (.data)
                  20000f60    0000000c     rtsv7M4_T_le_v4SPD16_eabi.lib : exit.obj (.data:$O1$$)
                  20000f6c    0000000c                                   : memory.obj (.data:$O1$$)
                  20000f78    00000008                                   : _lock.obj (.data:$O1$$)
                  20000f80    00000004                                   : errno.obj (.data)
                  20000f84    00000004                                   : stkdepth_vars.obj (.data)
                  20000f88    00000004     uart.obj (.data)

MODULE SUMMARY

       Module                         code    ro data   rw data
       ------                         ----    -------   -------
    .\
       open_interface.obj             2716    15        40     
       main.obj                       1936    0         44     
       movement.obj                   1286    0         0      
       lcd.obj                        764     8         84     
       tm4c123gh6pm_startup_ccs.obj   12      620       0      
       music.obj                      256     288       0      
       uart.obj                       476     0         56     
       ping.obj                       480     0         13     
       ir.obj                         424     0         4      
       Timer.obj                      344     0         0      
    +--+------------------------------+-------+---------+---------+
       Total:                         8694    931       241    
                                                               
    C:/ti/TivaWare_C_Series-2.1.2.111/driverlib/ccs/Debug/driverlib.lib
       interrupt.obj                  68      0         620    
       cpu.obj                        12      0         0      
    +--+------------------------------+-------+---------+---------+
       Total:                         80      0         620    
                                                               
    C:\ti\ccsv6\tools\compiler\ti-cgt-arm_15.12.1.LTS\lib\rtsv7M4_T_le_v4SPD16_eabi.lib
       _printfi.obj                   4368    0         0      
       k_rem_pio2.obj                 1856    344       0      
       s_cos.obj                      1508    0         0      
       s_sin.obj                      1488    0         0      
       memory.obj                     988     0         12     
       ull_div_t2.obj                 500     0         0      
       fd_add_t2.obj                  438     0         0      
       k_sin.obj                      372     0         0      
       e_sqrt.obj                     368     0         0      
       k_cos.obj                      364     0         0      
       fd_div_t2.obj                  310     0         0      
       fd_cmp_t2.obj                  268     0         0      
       ctype.obj                      0       257       0      
       fd_mul_t2.obj                  252     0         0      
       s_scalbn.obj                   252     0         0      
       s_floor.obj                    248     0         0      
       memcpy_t2.obj                  156     0         0      
       vsnprintf.obj                  136     0         0      
       memset_t2.obj                  122     0         0      
       autoinit.obj                   112     0         0      
       copy_decompress_rle.obj        112     0         0      
       fd_tos_t2.obj                  110     0         0      
       s_frexp.obj                    100     0         0      
       exit.obj                       84      0         12     
       sprintf.obj                    96      0         0      
       ltoa.obj                       86      0         0      
       boot.obj                       84      0         0      
       atoi.obj                       76      0         0      
       cpy_tbl.obj                    76      0         0      
       fd_toi_t2.obj                  72      0         0      
       fd_tou_t2.obj                  68      0         0      
       fs_tod_t2.obj                  56      0         0      
       i_tofd_t2.obj                  46      0         0      
       u_tofd_t2.obj                  32      0         0      
       _lock.obj                      20      0         8      
       memccpy.obj                    28      0         0      
       args_main.obj                  24      0         0      
       strcmp.obj                     24      0         0      
       strchr.obj                     22      0         0      
       s_copysign.obj                 20      0         0      
       strcpy.obj                     20      0         0      
       strlen.obj                     20      0         0      
       copy_decompress_none.obj       14      0         0      
       errno.obj                      0       0         4      
       pre_init.obj                   4       0         0      
       stkdepth_vars.obj              0       0         4      
       mpu_init.obj                   2       0         0      
       startup.obj                    2       0         0      
    +--+------------------------------+-------+---------+---------+
       Total:                         15404   601       40     
                                                               
       Heap:                          0       0         1024   
       Stack:                         0       0         2048   
       Linker Generated:              0       98        0      
    +--+------------------------------+-------+---------+---------+
       Grand Total:                   24178   1630      3973   


LINKER GENERATED COPY TABLES

__TI_cinit_table @ 000064cc records: 3, size/record: 8, table size: 24
	.data: load addr=00006478, load size=0000002e bytes, run addr=20000f30, run size=0000005c bytes, compression=rle
	.vtable: load addr=000064a8, load size=0000000b bytes, run addr=20000000, run size=0000026c bytes, compression=rle
	.bss: load addr=000064b8, load size=00000009 bytes, run addr=20000e70, run size=000000bd bytes, compression=rle


LINKER GENERATED HANDLER TABLE

__TI_handler_table @ 000064c4 records: 2, size/record: 4, table size: 8
	index: 0, handler: __TI_decompress_rle24
	index: 1, handler: __TI_decompress_none


GLOBAL SYMBOLS: SORTED ALPHABETICALLY BY Name 

address   name                           
-------   ----                           
00005d99  C$$EXIT                        
000060c7  CPUcpsie                       
00001c6f  GPIOF_Handler                  
20000f10  IR_distance                    
00006099  IntMasterEnable                
00005f49  IntRegister                    
000060d3  ResetISR                       
UNDEFED   SHT$$INIT_ARRAY$$Base          
UNDEFED   SHT$$INIT_ARRAY$$Limit         
00004733  TIMER3B_Handler                
0000497b  UART1_Handler                  
20000a6c  __STACK_END                    
00000800  __STACK_SIZE                   
2000046c  __STACK_TOP                    
00000400  __SYSMEM_SIZE                  
000064cc  __TI_CINIT_Base                
000064e4  __TI_CINIT_Limit               
000064c4  __TI_Handler_Table_Base        
000064cc  __TI_Handler_Table_Limit       
00005ae1  __TI_auto_init                 
20000f60  __TI_cleanup_ptr               
000060b9  __TI_decompress_none           
000060df  __TI_decompress_rle24          
20000f64  __TI_dtors_ptr                 
20000f68  __TI_enable_exit_profile_output
ffffffff  __TI_pprof_out_hndl            
00001077  __TI_printfi                   
ffffffff  __TI_prof_data_size            
ffffffff  __TI_prof_data_start           
00000000  __TI_static_base__             
00005959  __aeabi_cdcmpeq                
00005959  __aeabi_cdcmple                
000059df  __aeabi_cdrcmple               
00005b51  __aeabi_d2f                    
00005e85  __aeabi_d2iz                   
00005ecd  __aeabi_d2uiz                  
00004a0f  __aeabi_dadd                   
0000530d  __aeabi_ddiv                   
00005545  __aeabi_dmul                   
00004a05  __aeabi_dsub                   
00005f11  __aeabi_f2d                    
00005f7d  __aeabi_i2d                    
00005a65  __aeabi_memclr                 
00005a65  __aeabi_memclr4                
00005a65  __aeabi_memclr8                
00005835  __aeabi_memcpy                 
00005835  __aeabi_memcpy4                
00005835  __aeabi_memcpy8                
00005a67  __aeabi_memset                 
00005a67  __aeabi_memset4                
00005a67  __aeabi_memset8                
00005fab  __aeabi_ui2d                   
00004455  __aeabi_uldivmod               
ffffffff  __binit__                      
ffffffff  __c_args__                     
00005049  __kernel_cos                   
00002591  __kernel_rem_pio2              
00004d65  __kernel_sin                   
00003d8b  __mpu_init                     
2000026c  __stack                        
00006001  _args_main                     
00005d45  _c_int00                       
00006240  _ctypes_                       
20000f78  _lock                          
00006057  _nop                           
0000604f  _register_lock                 
00006049  _register_unlock               
20000a70  _sys_memory                    
00004bbb  _system_post_cinit             
000060e5  _system_pre_init               
20000f7c  _unlock                        
00005d9d  abort                          
00005ded  atoi                           
ffffffff  binit                          
00002199  calculateObject                
00004135  calloc                         
000022f5  cliffFrontDetect               
00001e01  clock_timer_init               
00005e39  copy_in                        
0000605d  copysign                       
0000605d  copysignl                      
00002cd1  cos                            
00002cd1  cosl                           
20000f34  count                          
20000f38  degrees                        
00001f41  detect2                        
0000205f  detect3                        
00001fdb  detect4                        
20000f80  errno                          
00005da5  exit                           
20000f14  fallingEdge                    
20000f4c  flag                           
0000573d  floor                          
0000573d  floorl                         
00003e83  free                           
00005c29  frexp                          
00005c29  frexpl                         
20000000  g_pfnRAMVectors                
00000000  g_pfnVectors                   
00001c99  getDegrees                     
00001eb7  getDiameter                    
00001a21  go_charge                      
20000f48  index                          
00004c57  ir_getDistance                 
00004c2f  ir_getValue                    
00004bbd  ir_init                        
20000f2c  isRisingEdge                   
20000ec4  isr_char_buffer                
20000f88  isr_counter                    
20000f18  isr_int_value                  
000060a9  lcd_clear                      
00004301  lcd_gotoLine                   
00004169  lcd_init                       
00004367  lcd_printf                     
00004229  lcd_putc                       
00004261  lcd_puts                       
0000427f  lcd_sendCommand                
000042bd  lcd_sendNibble                 
00004329  lcd_setCursorPos               
00005641  ldexp                          
00005641  ldexpl                         
00005445  load_songs                     
00005ced  ltoa                           
000023e9  main                           
20000f84  main_func_sp                   
00003e1b  malloc                         
00004051  memalign                       
00005fcb  memccpy                        
00005835  memcpy                         
00005a6d  memset                         
20000f1c  mid_width                      
00003d8d  minit                          
00001e61  move_servo                     
00003885  movement                       
20000f3c  object_count                   
0000137d  oi_alloc                       
00001b4b  oi_checkFirmware               
000013d3  oi_close                       
00001389  oi_free                        
000013bd  oi_init                        
00001399  oi_init_noupdate               
000019b7  oi_loadSong                    
00005fe7  oi_parseInt                    
00001437  oi_parsePacket                 
00001a0d  oi_play_song                   
00001931  oi_setLeds                     
00001975  oi_setWheels                   
00001bfd  oi_shutoff_init                
00001a2f  oi_uartInit                    
00001ad3  oi_uartReceive                 
00001b19  oi_uartSendBuff                
00001ab7  oi_uartSendChar                
00001afb  oi_uartSendStr                 
000013e5  oi_update                      
00004785  ping_getDistance               
00004649  ping_init                      
000046c9  ping_trigger                   
20000f20  pulseLength                    
20000f30  pulse_period                   
00003c11  race                           
000022b7  radial_to_real_conversion      
00003f45  realloc                        
20000f24  risingEdge                     
000020d5  run_cycle                      
00005641  scalbn                         
00005641  scalbnl                        
00002335  servo_timer_init               
000032b5  sin                            
000032b5  sinl                           
20000f40  smallest_location              
20000f44  smallest_width                 
20000f28  sonar_distance                 
00005c8d  sprintf                        
00004ed9  sqrt                           
00004ed9  sqrtl                          
00006031  strchr                         
00006019  strcmp                         
00006071  strcpy                         
00006085  strlen                         
000052c5  timer_getClock                 
00005279  timer_startClock               
00005213  timer_startTimer               
000052cb  timer_stopClock                
00005263  timer_stopTimer                
000051e9  timer_waitMicros               
000051b5  timer_waitMillis               
00003b41  turn                           
0000491d  uart_flush                     
00004829  uart_init                      
000048cd  uart_receive                   
000048f3  uart_sendBuffer                
000048b1  uart_sendChar                  
0000495f  uart_sendNum                   
0000493b  uart_sendStr                   
000058d1  vsnprintf                      


GLOBAL SYMBOLS: SORTED BY Symbol Address 

address   name                           
-------   ----                           
00000000  __TI_static_base__             
00000000  g_pfnVectors                   
00000400  __SYSMEM_SIZE                  
00000800  __STACK_SIZE                   
00001077  __TI_printfi                   
0000137d  oi_alloc                       
00001389  oi_free                        
00001399  oi_init_noupdate               
000013bd  oi_init                        
000013d3  oi_close                       
000013e5  oi_update                      
00001437  oi_parsePacket                 
00001931  oi_setLeds                     
00001975  oi_setWheels                   
000019b7  oi_loadSong                    
00001a0d  oi_play_song                   
00001a21  go_charge                      
00001a2f  oi_uartInit                    
00001ab7  oi_uartSendChar                
00001ad3  oi_uartReceive                 
00001afb  oi_uartSendStr                 
00001b19  oi_uartSendBuff                
00001b4b  oi_checkFirmware               
00001bfd  oi_shutoff_init                
00001c6f  GPIOF_Handler                  
00001c99  getDegrees                     
00001e01  clock_timer_init               
00001e61  move_servo                     
00001eb7  getDiameter                    
00001f41  detect2                        
00001fdb  detect4                        
0000205f  detect3                        
000020d5  run_cycle                      
00002199  calculateObject                
000022b7  radial_to_real_conversion      
000022f5  cliffFrontDetect               
00002335  servo_timer_init               
000023e9  main                           
00002591  __kernel_rem_pio2              
00002cd1  cos                            
00002cd1  cosl                           
000032b5  sin                            
000032b5  sinl                           
00003885  movement                       
00003b41  turn                           
00003c11  race                           
00003d8b  __mpu_init                     
00003d8d  minit                          
00003e1b  malloc                         
00003e83  free                           
00003f45  realloc                        
00004051  memalign                       
00004135  calloc                         
00004169  lcd_init                       
00004229  lcd_putc                       
00004261  lcd_puts                       
0000427f  lcd_sendCommand                
000042bd  lcd_sendNibble                 
00004301  lcd_gotoLine                   
00004329  lcd_setCursorPos               
00004367  lcd_printf                     
00004455  __aeabi_uldivmod               
00004649  ping_init                      
000046c9  ping_trigger                   
00004733  TIMER3B_Handler                
00004785  ping_getDistance               
00004829  uart_init                      
000048b1  uart_sendChar                  
000048cd  uart_receive                   
000048f3  uart_sendBuffer                
0000491d  uart_flush                     
0000493b  uart_sendStr                   
0000495f  uart_sendNum                   
0000497b  UART1_Handler                  
00004a05  __aeabi_dsub                   
00004a0f  __aeabi_dadd                   
00004bbb  _system_post_cinit             
00004bbd  ir_init                        
00004c2f  ir_getValue                    
00004c57  ir_getDistance                 
00004d65  __kernel_sin                   
00004ed9  sqrt                           
00004ed9  sqrtl                          
00005049  __kernel_cos                   
000051b5  timer_waitMillis               
000051e9  timer_waitMicros               
00005213  timer_startTimer               
00005263  timer_stopTimer                
00005279  timer_startClock               
000052c5  timer_getClock                 
000052cb  timer_stopClock                
0000530d  __aeabi_ddiv                   
00005445  load_songs                     
00005545  __aeabi_dmul                   
00005641  ldexp                          
00005641  ldexpl                         
00005641  scalbn                         
00005641  scalbnl                        
0000573d  floor                          
0000573d  floorl                         
00005835  __aeabi_memcpy                 
00005835  __aeabi_memcpy4                
00005835  __aeabi_memcpy8                
00005835  memcpy                         
000058d1  vsnprintf                      
00005959  __aeabi_cdcmpeq                
00005959  __aeabi_cdcmple                
000059df  __aeabi_cdrcmple               
00005a65  __aeabi_memclr                 
00005a65  __aeabi_memclr4                
00005a65  __aeabi_memclr8                
00005a67  __aeabi_memset                 
00005a67  __aeabi_memset4                
00005a67  __aeabi_memset8                
00005a6d  memset                         
00005ae1  __TI_auto_init                 
00005b51  __aeabi_d2f                    
00005c29  frexp                          
00005c29  frexpl                         
00005c8d  sprintf                        
00005ced  ltoa                           
00005d45  _c_int00                       
00005d99  C$$EXIT                        
00005d9d  abort                          
00005da5  exit                           
00005ded  atoi                           
00005e39  copy_in                        
00005e85  __aeabi_d2iz                   
00005ecd  __aeabi_d2uiz                  
00005f11  __aeabi_f2d                    
00005f49  IntRegister                    
00005f7d  __aeabi_i2d                    
00005fab  __aeabi_ui2d                   
00005fcb  memccpy                        
00005fe7  oi_parseInt                    
00006001  _args_main                     
00006019  strcmp                         
00006031  strchr                         
00006049  _register_unlock               
0000604f  _register_lock                 
00006057  _nop                           
0000605d  copysign                       
0000605d  copysignl                      
00006071  strcpy                         
00006085  strlen                         
00006099  IntMasterEnable                
000060a9  lcd_clear                      
000060b9  __TI_decompress_none           
000060c7  CPUcpsie                       
000060d3  ResetISR                       
000060df  __TI_decompress_rle24          
000060e5  _system_pre_init               
00006240  _ctypes_                       
000064c4  __TI_Handler_Table_Base        
000064cc  __TI_CINIT_Base                
000064cc  __TI_Handler_Table_Limit       
000064e4  __TI_CINIT_Limit               
20000000  g_pfnRAMVectors                
2000026c  __stack                        
2000046c  __STACK_TOP                    
20000a6c  __STACK_END                    
20000a70  _sys_memory                    
20000ec4  isr_char_buffer                
20000f10  IR_distance                    
20000f14  fallingEdge                    
20000f18  isr_int_value                  
20000f1c  mid_width                      
20000f20  pulseLength                    
20000f24  risingEdge                     
20000f28  sonar_distance                 
20000f2c  isRisingEdge                   
20000f30  pulse_period                   
20000f34  count                          
20000f38  degrees                        
20000f3c  object_count                   
20000f40  smallest_location              
20000f44  smallest_width                 
20000f48  index                          
20000f4c  flag                           
20000f60  __TI_cleanup_ptr               
20000f64  __TI_dtors_ptr                 
20000f68  __TI_enable_exit_profile_output
20000f78  _lock                          
20000f7c  _unlock                        
20000f80  errno                          
20000f84  main_func_sp                   
20000f88  isr_counter                    
ffffffff  __TI_pprof_out_hndl            
ffffffff  __TI_prof_data_size            
ffffffff  __TI_prof_data_start           
ffffffff  __binit__                      
ffffffff  __c_args__                     
ffffffff  binit                          
UNDEFED   SHT$$INIT_ARRAY$$Base          
UNDEFED   SHT$$INIT_ARRAY$$Limit         

[195 symbols]
