<?xml version="1.0"?>
<link_info>
   <banner>TI ARM Linker PC v15.12.1.LTS</banner>
   <copyright>Copyright (c) 1996-2015 Texas Instruments Incorporated</copyright>
   <link_time>0x5900e88a</link_time>
   <link_errors>0x0</link_errors>
   <output_file>final_final.out</output_file>
   <entry_point>
      <name>_c_int00</name>
      <address>0x5d45</address>
   </entry_point>
   <input_file_list>
      <input_file id="fl-2">
         <path>.\</path>
         <kind>object</kind>
         <file>Timer.obj</file>
         <name>Timer.obj</name>
      </input_file>
      <input_file id="fl-3">
         <path>.\</path>
         <kind>object</kind>
         <file>WiFi.obj</file>
         <name>WiFi.obj</name>
      </input_file>
      <input_file id="fl-4">
         <path>.\</path>
         <kind>object</kind>
         <file>ir.obj</file>
         <name>ir.obj</name>
      </input_file>
      <input_file id="fl-5">
         <path>.\</path>
         <kind>object</kind>
         <file>lcd.obj</file>
         <name>lcd.obj</name>
      </input_file>
      <input_file id="fl-6">
         <path>.\</path>
         <kind>object</kind>
         <file>main.obj</file>
         <name>main.obj</name>
      </input_file>
      <input_file id="fl-7">
         <path>.\</path>
         <kind>object</kind>
         <file>movement.obj</file>
         <name>movement.obj</name>
      </input_file>
      <input_file id="fl-8">
         <path>.\</path>
         <kind>object</kind>
         <file>music.obj</file>
         <name>music.obj</name>
      </input_file>
      <input_file id="fl-9">
         <path>.\</path>
         <kind>object</kind>
         <file>open_interface.obj</file>
         <name>open_interface.obj</name>
      </input_file>
      <input_file id="fl-a">
         <path>.\</path>
         <kind>object</kind>
         <file>ping.obj</file>
         <name>ping.obj</name>
      </input_file>
      <input_file id="fl-b">
         <path>.\</path>
         <kind>object</kind>
         <file>tm4c123gh6pm_startup_ccs.obj</file>
         <name>tm4c123gh6pm_startup_ccs.obj</name>
      </input_file>
      <input_file id="fl-c">
         <path>.\</path>
         <kind>object</kind>
         <file>uart.obj</file>
         <name>uart.obj</name>
      </input_file>
      <input_file id="fl-c7">
         <path>C:\ti\ccsv6\tools\compiler\ti-cgt-arm_15.12.1.LTS\lib\</path>
         <kind>archive</kind>
         <file>rtsv7M4_T_le_v4SPD16_eabi.lib</file>
         <name>boot.obj</name>
      </input_file>
      <input_file id="fl-c8">
         <path>C:\ti\ccsv6\tools\compiler\ti-cgt-arm_15.12.1.LTS\lib\</path>
         <kind>archive</kind>
         <file>rtsv7M4_T_le_v4SPD16_eabi.lib</file>
         <name>copy_decompress_none.obj</name>
      </input_file>
      <input_file id="fl-c9">
         <path>C:\ti\ccsv6\tools\compiler\ti-cgt-arm_15.12.1.LTS\lib\</path>
         <kind>archive</kind>
         <file>rtsv7M4_T_le_v4SPD16_eabi.lib</file>
         <name>copy_decompress_rle.obj</name>
      </input_file>
      <input_file id="fl-ca">
         <path>C:\ti\ccsv6\tools\compiler\ti-cgt-arm_15.12.1.LTS\lib\</path>
         <kind>archive</kind>
         <file>rtsv7M4_T_le_v4SPD16_eabi.lib</file>
         <name>copy_zero_init.obj</name>
      </input_file>
      <input_file id="fl-cb">
         <path>C:\ti\ccsv6\tools\compiler\ti-cgt-arm_15.12.1.LTS\lib\</path>
         <kind>archive</kind>
         <file>rtsv7M4_T_le_v4SPD16_eabi.lib</file>
         <name>e_sqrt.obj</name>
      </input_file>
      <input_file id="fl-cc">
         <path>C:\ti\ccsv6\tools\compiler\ti-cgt-arm_15.12.1.LTS\lib\</path>
         <kind>archive</kind>
         <file>rtsv7M4_T_le_v4SPD16_eabi.lib</file>
         <name>errno.obj</name>
      </input_file>
      <input_file id="fl-cd">
         <path>C:\ti\ccsv6\tools\compiler\ti-cgt-arm_15.12.1.LTS\lib\</path>
         <kind>archive</kind>
         <file>rtsv7M4_T_le_v4SPD16_eabi.lib</file>
         <name>exit.obj</name>
      </input_file>
      <input_file id="fl-ce">
         <path>C:\ti\ccsv6\tools\compiler\ti-cgt-arm_15.12.1.LTS\lib\</path>
         <kind>archive</kind>
         <file>rtsv7M4_T_le_v4SPD16_eabi.lib</file>
         <name>fd_add_t2.obj</name>
      </input_file>
      <input_file id="fl-cf">
         <path>C:\ti\ccsv6\tools\compiler\ti-cgt-arm_15.12.1.LTS\lib\</path>
         <kind>archive</kind>
         <file>rtsv7M4_T_le_v4SPD16_eabi.lib</file>
         <name>fd_cmp_t2.obj</name>
      </input_file>
      <input_file id="fl-d0">
         <path>C:\ti\ccsv6\tools\compiler\ti-cgt-arm_15.12.1.LTS\lib\</path>
         <kind>archive</kind>
         <file>rtsv7M4_T_le_v4SPD16_eabi.lib</file>
         <name>fd_div_t2.obj</name>
      </input_file>
      <input_file id="fl-d1">
         <path>C:\ti\ccsv6\tools\compiler\ti-cgt-arm_15.12.1.LTS\lib\</path>
         <kind>archive</kind>
         <file>rtsv7M4_T_le_v4SPD16_eabi.lib</file>
         <name>fd_mul_t2.obj</name>
      </input_file>
      <input_file id="fl-d2">
         <path>C:\ti\ccsv6\tools\compiler\ti-cgt-arm_15.12.1.LTS\lib\</path>
         <kind>archive</kind>
         <file>rtsv7M4_T_le_v4SPD16_eabi.lib</file>
         <name>fd_toi_t2.obj</name>
      </input_file>
      <input_file id="fl-d3">
         <path>C:\ti\ccsv6\tools\compiler\ti-cgt-arm_15.12.1.LTS\lib\</path>
         <kind>archive</kind>
         <file>rtsv7M4_T_le_v4SPD16_eabi.lib</file>
         <name>fd_tos_t2.obj</name>
      </input_file>
      <input_file id="fl-d4">
         <path>C:\ti\ccsv6\tools\compiler\ti-cgt-arm_15.12.1.LTS\lib\</path>
         <kind>archive</kind>
         <file>rtsv7M4_T_le_v4SPD16_eabi.lib</file>
         <name>fd_tou_t2.obj</name>
      </input_file>
      <input_file id="fl-d5">
         <path>C:\ti\ccsv6\tools\compiler\ti-cgt-arm_15.12.1.LTS\lib\</path>
         <kind>archive</kind>
         <file>rtsv7M4_T_le_v4SPD16_eabi.lib</file>
         <name>fs_tod_t2.obj</name>
      </input_file>
      <input_file id="fl-d6">
         <path>C:\ti\ccsv6\tools\compiler\ti-cgt-arm_15.12.1.LTS\lib\</path>
         <kind>archive</kind>
         <file>rtsv7M4_T_le_v4SPD16_eabi.lib</file>
         <name>i_tofd_t2.obj</name>
      </input_file>
      <input_file id="fl-d7">
         <path>C:\ti\ccsv6\tools\compiler\ti-cgt-arm_15.12.1.LTS\lib\</path>
         <kind>archive</kind>
         <file>rtsv7M4_T_le_v4SPD16_eabi.lib</file>
         <name>memcpy_t2.obj</name>
      </input_file>
      <input_file id="fl-d8">
         <path>C:\ti\ccsv6\tools\compiler\ti-cgt-arm_15.12.1.LTS\lib\</path>
         <kind>archive</kind>
         <file>rtsv7M4_T_le_v4SPD16_eabi.lib</file>
         <name>memory.obj</name>
      </input_file>
      <input_file id="fl-d9">
         <path>C:\ti\ccsv6\tools\compiler\ti-cgt-arm_15.12.1.LTS\lib\</path>
         <kind>archive</kind>
         <file>rtsv7M4_T_le_v4SPD16_eabi.lib</file>
         <name>memset_t2.obj</name>
      </input_file>
      <input_file id="fl-da">
         <path>C:\ti\ccsv6\tools\compiler\ti-cgt-arm_15.12.1.LTS\lib\</path>
         <kind>archive</kind>
         <file>rtsv7M4_T_le_v4SPD16_eabi.lib</file>
         <name>mpu_init.obj</name>
      </input_file>
      <input_file id="fl-db">
         <path>C:\ti\ccsv6\tools\compiler\ti-cgt-arm_15.12.1.LTS\lib\</path>
         <kind>archive</kind>
         <file>rtsv7M4_T_le_v4SPD16_eabi.lib</file>
         <name>pre_init.obj</name>
      </input_file>
      <input_file id="fl-dc">
         <path>C:\ti\ccsv6\tools\compiler\ti-cgt-arm_15.12.1.LTS\lib\</path>
         <kind>archive</kind>
         <file>rtsv7M4_T_le_v4SPD16_eabi.lib</file>
         <name>s_cos.obj</name>
      </input_file>
      <input_file id="fl-dd">
         <path>C:\ti\ccsv6\tools\compiler\ti-cgt-arm_15.12.1.LTS\lib\</path>
         <kind>archive</kind>
         <file>rtsv7M4_T_le_v4SPD16_eabi.lib</file>
         <name>s_sin.obj</name>
      </input_file>
      <input_file id="fl-de">
         <path>C:\ti\ccsv6\tools\compiler\ti-cgt-arm_15.12.1.LTS\lib\</path>
         <kind>archive</kind>
         <file>rtsv7M4_T_le_v4SPD16_eabi.lib</file>
         <name>sprintf.obj</name>
      </input_file>
      <input_file id="fl-df">
         <path>C:\ti\ccsv6\tools\compiler\ti-cgt-arm_15.12.1.LTS\lib\</path>
         <kind>archive</kind>
         <file>rtsv7M4_T_le_v4SPD16_eabi.lib</file>
         <name>stkdepth_vars.obj</name>
      </input_file>
      <input_file id="fl-e0">
         <path>C:\ti\ccsv6\tools\compiler\ti-cgt-arm_15.12.1.LTS\lib\</path>
         <kind>archive</kind>
         <file>rtsv7M4_T_le_v4SPD16_eabi.lib</file>
         <name>strcmp.obj</name>
      </input_file>
      <input_file id="fl-e1">
         <path>C:\ti\ccsv6\tools\compiler\ti-cgt-arm_15.12.1.LTS\lib\</path>
         <kind>archive</kind>
         <file>rtsv7M4_T_le_v4SPD16_eabi.lib</file>
         <name>strcpy.obj</name>
      </input_file>
      <input_file id="fl-e2">
         <path>C:\ti\ccsv6\tools\compiler\ti-cgt-arm_15.12.1.LTS\lib\</path>
         <kind>archive</kind>
         <file>rtsv7M4_T_le_v4SPD16_eabi.lib</file>
         <name>strlen.obj</name>
      </input_file>
      <input_file id="fl-e3">
         <path>C:\ti\ccsv6\tools\compiler\ti-cgt-arm_15.12.1.LTS\lib\</path>
         <kind>archive</kind>
         <file>rtsv7M4_T_le_v4SPD16_eabi.lib</file>
         <name>u_tofd_t2.obj</name>
      </input_file>
      <input_file id="fl-e4">
         <path>C:\ti\ccsv6\tools\compiler\ti-cgt-arm_15.12.1.LTS\lib\</path>
         <kind>archive</kind>
         <file>rtsv7M4_T_le_v4SPD16_eabi.lib</file>
         <name>vsnprintf.obj</name>
      </input_file>
      <input_file id="fl-e5">
         <path>C:\ti\ccsv6\tools\compiler\ti-cgt-arm_15.12.1.LTS\lib\</path>
         <kind>archive</kind>
         <file>rtsv7M4_T_le_v4SPD16_eabi.lib</file>
         <name>_lock.obj</name>
      </input_file>
      <input_file id="fl-e6">
         <path>C:\ti\ccsv6\tools\compiler\ti-cgt-arm_15.12.1.LTS\lib\</path>
         <kind>archive</kind>
         <file>rtsv7M4_T_le_v4SPD16_eabi.lib</file>
         <name>_printfi.obj</name>
      </input_file>
      <input_file id="fl-e7">
         <path>C:\ti\ccsv6\tools\compiler\ti-cgt-arm_15.12.1.LTS\lib\</path>
         <kind>archive</kind>
         <file>rtsv7M4_T_le_v4SPD16_eabi.lib</file>
         <name>args_main.obj</name>
      </input_file>
      <input_file id="fl-e8">
         <path>C:\ti\ccsv6\tools\compiler\ti-cgt-arm_15.12.1.LTS\lib\</path>
         <kind>archive</kind>
         <file>rtsv7M4_T_le_v4SPD16_eabi.lib</file>
         <name>atoi.obj</name>
      </input_file>
      <input_file id="fl-e9">
         <path>C:\ti\ccsv6\tools\compiler\ti-cgt-arm_15.12.1.LTS\lib\</path>
         <kind>archive</kind>
         <file>rtsv7M4_T_le_v4SPD16_eabi.lib</file>
         <name>autoinit.obj</name>
      </input_file>
      <input_file id="fl-ea">
         <path>C:\ti\ccsv6\tools\compiler\ti-cgt-arm_15.12.1.LTS\lib\</path>
         <kind>archive</kind>
         <file>rtsv7M4_T_le_v4SPD16_eabi.lib</file>
         <name>cpy_tbl.obj</name>
      </input_file>
      <input_file id="fl-eb">
         <path>C:\ti\ccsv6\tools\compiler\ti-cgt-arm_15.12.1.LTS\lib\</path>
         <kind>archive</kind>
         <file>rtsv7M4_T_le_v4SPD16_eabi.lib</file>
         <name>ctype.obj</name>
      </input_file>
      <input_file id="fl-ec">
         <path>C:\ti\ccsv6\tools\compiler\ti-cgt-arm_15.12.1.LTS\lib\</path>
         <kind>archive</kind>
         <file>rtsv7M4_T_le_v4SPD16_eabi.lib</file>
         <name>k_cos.obj</name>
      </input_file>
      <input_file id="fl-ed">
         <path>C:\ti\ccsv6\tools\compiler\ti-cgt-arm_15.12.1.LTS\lib\</path>
         <kind>archive</kind>
         <file>rtsv7M4_T_le_v4SPD16_eabi.lib</file>
         <name>k_rem_pio2.obj</name>
      </input_file>
      <input_file id="fl-ee">
         <path>C:\ti\ccsv6\tools\compiler\ti-cgt-arm_15.12.1.LTS\lib\</path>
         <kind>archive</kind>
         <file>rtsv7M4_T_le_v4SPD16_eabi.lib</file>
         <name>k_sin.obj</name>
      </input_file>
      <input_file id="fl-ef">
         <path>C:\ti\ccsv6\tools\compiler\ti-cgt-arm_15.12.1.LTS\lib\</path>
         <kind>archive</kind>
         <file>rtsv7M4_T_le_v4SPD16_eabi.lib</file>
         <name>ltoa.obj</name>
      </input_file>
      <input_file id="fl-f0">
         <path>C:\ti\ccsv6\tools\compiler\ti-cgt-arm_15.12.1.LTS\lib\</path>
         <kind>archive</kind>
         <file>rtsv7M4_T_le_v4SPD16_eabi.lib</file>
         <name>memccpy.obj</name>
      </input_file>
      <input_file id="fl-f1">
         <path>C:\ti\ccsv6\tools\compiler\ti-cgt-arm_15.12.1.LTS\lib\</path>
         <kind>archive</kind>
         <file>rtsv7M4_T_le_v4SPD16_eabi.lib</file>
         <name>s_floor.obj</name>
      </input_file>
      <input_file id="fl-f2">
         <path>C:\ti\ccsv6\tools\compiler\ti-cgt-arm_15.12.1.LTS\lib\</path>
         <kind>archive</kind>
         <file>rtsv7M4_T_le_v4SPD16_eabi.lib</file>
         <name>s_frexp.obj</name>
      </input_file>
      <input_file id="fl-f3">
         <path>C:\ti\ccsv6\tools\compiler\ti-cgt-arm_15.12.1.LTS\lib\</path>
         <kind>archive</kind>
         <file>rtsv7M4_T_le_v4SPD16_eabi.lib</file>
         <name>s_scalbn.obj</name>
      </input_file>
      <input_file id="fl-f4">
         <path>C:\ti\ccsv6\tools\compiler\ti-cgt-arm_15.12.1.LTS\lib\</path>
         <kind>archive</kind>
         <file>rtsv7M4_T_le_v4SPD16_eabi.lib</file>
         <name>startup.obj</name>
      </input_file>
      <input_file id="fl-f5">
         <path>C:\ti\ccsv6\tools\compiler\ti-cgt-arm_15.12.1.LTS\lib\</path>
         <kind>archive</kind>
         <file>rtsv7M4_T_le_v4SPD16_eabi.lib</file>
         <name>strchr.obj</name>
      </input_file>
      <input_file id="fl-f6">
         <path>C:\ti\ccsv6\tools\compiler\ti-cgt-arm_15.12.1.LTS\lib\</path>
         <kind>archive</kind>
         <file>rtsv7M4_T_le_v4SPD16_eabi.lib</file>
         <name>ull_div_t2.obj</name>
      </input_file>
      <input_file id="fl-f7">
         <path>C:\ti\ccsv6\tools\compiler\ti-cgt-arm_15.12.1.LTS\lib\</path>
         <kind>archive</kind>
         <file>rtsv7M4_T_le_v4SPD16_eabi.lib</file>
         <name>s_copysign.obj</name>
      </input_file>
      <input_file id="fl-f8">
         <path>C:\ti\TivaWare_C_Series-2.1.2.111\driverlib\ccs\Debug\</path>
         <kind>archive</kind>
         <file>driverlib.lib</file>
         <name>interrupt.obj</name>
      </input_file>
      <input_file id="fl-f9">
         <path>C:\ti\TivaWare_C_Series-2.1.2.111\driverlib\ccs\Debug\</path>
         <kind>archive</kind>
         <file>driverlib.lib</file>
         <name>cpu.obj</name>
      </input_file>
   </input_file_list>
   <object_component_list>
      <object_component id="oc-f">
         <name>.intvecs</name>
         <load_address>0x0</load_address>
         <run_address>0x0</run_address>
         <size>0x26c</size>
         <input_file_ref idref="fl-b"/>
      </object_component>
      <object_component id="oc-1ca">
         <name>.text</name>
         <load_address>0x26c</load_address>
         <run_address>0x26c</run_address>
         <size>0x1110</size>
         <input_file_ref idref="fl-e6"/>
      </object_component>
      <object_component id="oc-141">
         <name>.text</name>
         <load_address>0x137c</load_address>
         <run_address>0x137c</run_address>
         <size>0xa84</size>
         <input_file_ref idref="fl-9"/>
      </object_component>
      <object_component id="oc-b2">
         <name>.text</name>
         <load_address>0x1e00</load_address>
         <run_address>0x1e00</run_address>
         <size>0x790</size>
         <input_file_ref idref="fl-6"/>
      </object_component>
      <object_component id="oc-187">
         <name>.text</name>
         <load_address>0x2590</load_address>
         <run_address>0x2590</run_address>
         <size>0x740</size>
         <input_file_ref idref="fl-ed"/>
      </object_component>
      <object_component id="oc-104">
         <name>.text</name>
         <load_address>0x2cd0</load_address>
         <run_address>0x2cd0</run_address>
         <size>0x5e4</size>
         <input_file_ref idref="fl-dc"/>
      </object_component>
      <object_component id="oc-139">
         <name>.text</name>
         <load_address>0x32b4</load_address>
         <run_address>0x32b4</run_address>
         <size>0x5d0</size>
         <input_file_ref idref="fl-dd"/>
      </object_component>
      <object_component id="oc-147">
         <name>.text</name>
         <load_address>0x3884</load_address>
         <run_address>0x3884</run_address>
         <size>0x506</size>
         <input_file_ref idref="fl-7"/>
      </object_component>
      <object_component id="oc-5c">
         <name>.text</name>
         <load_address>0x3d8a</load_address>
         <run_address>0x3d8a</run_address>
         <size>0x2</size>
         <input_file_ref idref="fl-da"/>
      </object_component>
      <object_component id="oc-208">
         <name>.text</name>
         <load_address>0x3d8c</load_address>
         <run_address>0x3d8c</run_address>
         <size>0x3dc</size>
         <input_file_ref idref="fl-d8"/>
      </object_component>
      <object_component id="oc-12e">
         <name>.text</name>
         <load_address>0x4168</load_address>
         <run_address>0x4168</run_address>
         <size>0x2ec</size>
         <input_file_ref idref="fl-5"/>
      </object_component>
      <object_component id="oc-270">
         <name>.text</name>
         <load_address>0x4454</load_address>
         <run_address>0x4454</run_address>
         <size>0x1f4</size>
         <input_file_ref idref="fl-f6"/>
      </object_component>
      <object_component id="oc-116">
         <name>.text</name>
         <load_address>0x4648</load_address>
         <run_address>0x4648</run_address>
         <size>0x1e0</size>
         <input_file_ref idref="fl-a"/>
      </object_component>
      <object_component id="oc-122">
         <name>.text</name>
         <load_address>0x4828</load_address>
         <run_address>0x4828</run_address>
         <size>0x1dc</size>
         <input_file_ref idref="fl-c"/>
      </object_component>
      <object_component id="oc-ea">
         <name>.text</name>
         <load_address>0x4a04</load_address>
         <run_address>0x4a04</run_address>
         <size>0x1b6</size>
         <input_file_ref idref="fl-ce"/>
      </object_component>
      <object_component id="oc-aa">
         <name>.text</name>
         <load_address>0x4bba</load_address>
         <run_address>0x4bba</run_address>
         <size>0x2</size>
         <input_file_ref idref="fl-f4"/>
      </object_component>
      <object_component id="oc-110">
         <name>.text</name>
         <load_address>0x4bbc</load_address>
         <run_address>0x4bbc</run_address>
         <size>0x1a8</size>
         <input_file_ref idref="fl-4"/>
      </object_component>
      <object_component id="oc-18d">
         <name>.text</name>
         <load_address>0x4d64</load_address>
         <run_address>0x4d64</run_address>
         <size>0x174</size>
         <input_file_ref idref="fl-ee"/>
      </object_component>
      <object_component id="oc-10a">
         <name>.text</name>
         <load_address>0x4ed8</load_address>
         <run_address>0x4ed8</run_address>
         <size>0x170</size>
         <input_file_ref idref="fl-cb"/>
      </object_component>
      <object_component id="oc-17c">
         <name>.text</name>
         <load_address>0x5048</load_address>
         <run_address>0x5048</run_address>
         <size>0x16c</size>
         <input_file_ref idref="fl-ec"/>
      </object_component>
      <object_component id="oc-f4">
         <name>.text</name>
         <load_address>0x51b4</load_address>
         <run_address>0x51b4</run_address>
         <size>0x158</size>
         <input_file_ref idref="fl-2"/>
      </object_component>
      <object_component id="oc-ff">
         <name>.text</name>
         <load_address>0x530c</load_address>
         <run_address>0x530c</run_address>
         <size>0x136</size>
         <input_file_ref idref="fl-d0"/>
      </object_component>
      <object_component id="oc-14d">
         <name>.text</name>
         <load_address>0x5444</load_address>
         <run_address>0x5444</run_address>
         <size>0x100</size>
         <input_file_ref idref="fl-8"/>
      </object_component>
      <object_component id="oc-e5">
         <name>.text</name>
         <load_address>0x5544</load_address>
         <run_address>0x5544</run_address>
         <size>0xfc</size>
         <input_file_ref idref="fl-d1"/>
      </object_component>
      <object_component id="oc-23e">
         <name>.text</name>
         <load_address>0x5640</load_address>
         <run_address>0x5640</run_address>
         <size>0xfc</size>
         <input_file_ref idref="fl-f3"/>
      </object_component>
      <object_component id="oc-244">
         <name>.text</name>
         <load_address>0x573c</load_address>
         <run_address>0x573c</run_address>
         <size>0xf8</size>
         <input_file_ref idref="fl-f1"/>
      </object_component>
      <object_component id="oc-37">
         <name>.text</name>
         <load_address>0x5834</load_address>
         <run_address>0x5834</run_address>
         <size>0x9c</size>
         <input_file_ref idref="fl-d7"/>
      </object_component>
      <object_component id="oc-1ee">
         <name>.text</name>
         <load_address>0x58d0</load_address>
         <run_address>0x58d0</run_address>
         <size>0x88</size>
         <input_file_ref idref="fl-e4"/>
      </object_component>
      <object_component id="oc-182">
         <name>.text:__aeabi_cdcmple</name>
         <load_address>0x5958</load_address>
         <run_address>0x5958</run_address>
         <size>0x86</size>
         <input_file_ref idref="fl-cf"/>
      </object_component>
      <object_component id="oc-19a">
         <name>.text:__aeabi_cdrcmple</name>
         <load_address>0x59de</load_address>
         <run_address>0x59de</run_address>
         <size>0x86</size>
         <input_file_ref idref="fl-cf"/>
      </object_component>
      <object_component id="oc-50">
         <name>.text</name>
         <load_address>0x5a64</load_address>
         <run_address>0x5a64</run_address>
         <size>0x7a</size>
         <input_file_ref idref="fl-d9"/>
      </object_component>
      <object_component id="oc-68">
         <name>.text</name>
         <load_address>0x5ae0</load_address>
         <run_address>0x5ae0</run_address>
         <size>0x70</size>
         <input_file_ref idref="fl-e9"/>
      </object_component>
      <object_component id="oc-1a4">
         <name>.text</name>
         <load_address>0x5b50</load_address>
         <run_address>0x5b50</run_address>
         <size>0x6e</size>
         <input_file_ref idref="fl-d3"/>
      </object_component>
      <object_component id="oc-43">
         <name>.text</name>
         <load_address>0x5bbe</load_address>
         <run_address>0x5bbe</run_address>
         <size>0x6a</size>
         <input_file_ref idref="fl-c9"/>
      </object_component>
      <object_component id="oc-281">
         <name>.text</name>
         <load_address>0x5c28</load_address>
         <run_address>0x5c28</run_address>
         <size>0x64</size>
         <input_file_ref idref="fl-f2"/>
      </object_component>
      <object_component id="oc-11c">
         <name>.text</name>
         <load_address>0x5c8c</load_address>
         <run_address>0x5c8c</run_address>
         <size>0x60</size>
         <input_file_ref idref="fl-de"/>
      </object_component>
      <object_component id="oc-27b">
         <name>.text</name>
         <load_address>0x5cec</load_address>
         <run_address>0x5cec</run_address>
         <size>0x56</size>
         <input_file_ref idref="fl-ef"/>
      </object_component>
      <object_component id="oc-24">
         <name>.text</name>
         <load_address>0x5d44</load_address>
         <run_address>0x5d44</run_address>
         <size>0x54</size>
         <input_file_ref idref="fl-c7"/>
      </object_component>
      <object_component id="oc-74">
         <name>.text</name>
         <load_address>0x5d98</load_address>
         <run_address>0x5d98</run_address>
         <size>0x54</size>
         <input_file_ref idref="fl-cd"/>
      </object_component>
      <object_component id="oc-293">
         <name>.text</name>
         <load_address>0x5dec</load_address>
         <run_address>0x5dec</run_address>
         <size>0x4c</size>
         <input_file_ref idref="fl-e8"/>
      </object_component>
      <object_component id="oc-a4">
         <name>.text</name>
         <load_address>0x5e38</load_address>
         <run_address>0x5e38</run_address>
         <size>0x4c</size>
         <input_file_ref idref="fl-ea"/>
      </object_component>
      <object_component id="oc-134">
         <name>.text</name>
         <load_address>0x5e84</load_address>
         <run_address>0x5e84</run_address>
         <size>0x48</size>
         <input_file_ref idref="fl-d2"/>
      </object_component>
      <object_component id="oc-ef">
         <name>.text</name>
         <load_address>0x5ecc</load_address>
         <run_address>0x5ecc</run_address>
         <size>0x44</size>
         <input_file_ref idref="fl-d4"/>
      </object_component>
      <object_component id="oc-1a9">
         <name>.text</name>
         <load_address>0x5f10</load_address>
         <run_address>0x5f10</run_address>
         <size>0x38</size>
         <input_file_ref idref="fl-d5"/>
      </object_component>
      <object_component id="oc-1b2">
         <name>.text:IntRegister</name>
         <load_address>0x5f48</load_address>
         <run_address>0x5f48</run_address>
         <size>0x34</size>
         <input_file_ref idref="fl-f8"/>
      </object_component>
      <object_component id="oc-fa">
         <name>.text</name>
         <load_address>0x5f7c</load_address>
         <run_address>0x5f7c</run_address>
         <size>0x2e</size>
         <input_file_ref idref="fl-d6"/>
      </object_component>
      <object_component id="oc-e0">
         <name>.text</name>
         <load_address>0x5faa</load_address>
         <run_address>0x5faa</run_address>
         <size>0x20</size>
         <input_file_ref idref="fl-e3"/>
      </object_component>
      <object_component id="oc-28d">
         <name>.text</name>
         <load_address>0x5fca</load_address>
         <run_address>0x5fca</run_address>
         <size>0x1c</size>
         <input_file_ref idref="fl-f0"/>
      </object_component>
      <object_component id="oc-20e">
         <name>.text:oi_parseInt</name>
         <load_address>0x5fe6</load_address>
         <run_address>0x5fe6</run_address>
         <size>0x18</size>
         <input_file_ref idref="fl-9"/>
      </object_component>
      <object_component id="oc-6e">
         <name>.text</name>
         <load_address>0x6000</load_address>
         <run_address>0x6000</run_address>
         <size>0x18</size>
         <input_file_ref idref="fl-e7"/>
      </object_component>
      <object_component id="oc-1f4">
         <name>.text</name>
         <load_address>0x6018</load_address>
         <run_address>0x6018</run_address>
         <size>0x18</size>
         <input_file_ref idref="fl-e0"/>
      </object_component>
      <object_component id="oc-287">
         <name>.text</name>
         <load_address>0x6030</load_address>
         <run_address>0x6030</run_address>
         <size>0x16</size>
         <input_file_ref idref="fl-f5"/>
      </object_component>
      <object_component id="oc-15d">
         <name>.text</name>
         <load_address>0x6048</load_address>
         <run_address>0x6048</run_address>
         <size>0x14</size>
         <input_file_ref idref="fl-e5"/>
      </object_component>
      <object_component id="oc-2e3">
         <name>.text</name>
         <load_address>0x605c</load_address>
         <run_address>0x605c</run_address>
         <size>0x14</size>
         <input_file_ref idref="fl-f7"/>
      </object_component>
      <object_component id="oc-1fa">
         <name>.text</name>
         <load_address>0x6070</load_address>
         <run_address>0x6070</run_address>
         <size>0x14</size>
         <input_file_ref idref="fl-e1"/>
      </object_component>
      <object_component id="oc-275">
         <name>.text</name>
         <load_address>0x6084</load_address>
         <run_address>0x6084</run_address>
         <size>0x14</size>
         <input_file_ref idref="fl-e2"/>
      </object_component>
      <object_component id="oc-1b8">
         <name>.text:IntMasterEnable</name>
         <load_address>0x6098</load_address>
         <run_address>0x6098</run_address>
         <size>0x10</size>
         <input_file_ref idref="fl-f8"/>
      </object_component>
      <object_component id="oc-1e7">
         <name>.text:lcd_clear</name>
         <load_address>0x60a8</load_address>
         <run_address>0x60a8</run_address>
         <size>0x10</size>
         <input_file_ref idref="fl-5"/>
      </object_component>
      <object_component id="oc-12">
         <name>.text:decompress:none</name>
         <load_address>0x60b8</load_address>
         <run_address>0x60b8</run_address>
         <size>0xe</size>
         <input_file_ref idref="fl-c8"/>
      </object_component>
      <object_component id="oc-267">
         <name>.text:CPUcpsie</name>
         <load_address>0x60c6</load_address>
         <run_address>0x60c6</run_address>
         <size>0xc</size>
         <input_file_ref idref="fl-f9"/>
      </object_component>
      <object_component id="oc-2e">
         <name>.text</name>
         <load_address>0x60d2</load_address>
         <run_address>0x60d2</run_address>
         <size>0xc</size>
         <input_file_ref idref="fl-b"/>
      </object_component>
      <object_component id="oc-18">
         <name>.text:decompress:rle24</name>
         <load_address>0x60de</load_address>
         <run_address>0x60de</run_address>
         <size>0x6</size>
         <input_file_ref idref="fl-c9"/>
      </object_component>
      <object_component id="oc-62">
         <name>.text</name>
         <load_address>0x60e4</load_address>
         <run_address>0x60e4</run_address>
         <size>0x4</size>
         <input_file_ref idref="fl-db"/>
      </object_component>
      <object_component id="oc-24a">
         <name>.const:$O1$$</name>
         <load_address>0x60e8</load_address>
         <run_address>0x60e8</run_address>
         <size>0x158</size>
         <input_file_ref idref="fl-ed"/>
      </object_component>
      <object_component id="oc-303">
         <name>.const:.string:_ctypes_</name>
         <load_address>0x6240</load_address>
         <run_address>0x6240</run_address>
         <size>0x101</size>
         <input_file_ref idref="fl-eb"/>
      </object_component>
      <object_component id="oc-230">
         <name>.const:.string:$P$T6$7</name>
         <load_address>0x6341</load_address>
         <run_address>0x6341</run_address>
         <size>0x41</size>
         <input_file_ref idref="fl-8"/>
      </object_component>
      <object_component id="oc-233">
         <name>.const:.string:$P$T7$8</name>
         <load_address>0x6382</load_address>
         <run_address>0x6382</run_address>
         <size>0x41</size>
         <input_file_ref idref="fl-8"/>
      </object_component>
      <object_component id="oc-22a">
         <name>.const:.string:$P$T4$5</name>
         <load_address>0x63c3</load_address>
         <run_address>0x63c3</run_address>
         <size>0x31</size>
         <input_file_ref idref="fl-8"/>
      </object_component>
      <object_component id="oc-22d">
         <name>.const:.string:$P$T5$6</name>
         <load_address>0x63f4</load_address>
         <run_address>0x63f4</run_address>
         <size>0x31</size>
         <input_file_ref idref="fl-8"/>
      </object_component>
      <object_component id="oc-224">
         <name>.const:.string:$P$T2$3</name>
         <load_address>0x6425</load_address>
         <run_address>0x6425</run_address>
         <size>0x13</size>
         <input_file_ref idref="fl-8"/>
      </object_component>
      <object_component id="oc-227">
         <name>.const:.string:$P$T3$4</name>
         <load_address>0x6438</load_address>
         <run_address>0x6438</run_address>
         <size>0x13</size>
         <input_file_ref idref="fl-8"/>
      </object_component>
      <object_component id="oc-216">
         <name>.const:.string:$P$T0$3</name>
         <load_address>0x644b</load_address>
         <run_address>0x644b</run_address>
         <size>0xf</size>
         <input_file_ref idref="fl-9"/>
      </object_component>
      <object_component id="oc-21e">
         <name>.const:.string:$P$T0$1</name>
         <load_address>0x645a</load_address>
         <run_address>0x645a</run_address>
         <size>0xb</size>
         <input_file_ref idref="fl-8"/>
      </object_component>
      <object_component id="oc-221">
         <name>.const:.string:$P$T1$2</name>
         <load_address>0x6465</load_address>
         <run_address>0x6465</run_address>
         <size>0xb</size>
         <input_file_ref idref="fl-8"/>
      </object_component>
      <object_component id="oc-200">
         <name>.const:.string:lineAddress$1</name>
         <load_address>0x6470</load_address>
         <run_address>0x6470</run_address>
         <size>0x4</size>
         <input_file_ref idref="fl-5"/>
      </object_component>
      <object_component id="oc-201">
         <name>.const:.string:lineAddresses$2</name>
         <load_address>0x6474</load_address>
         <run_address>0x6474</run_address>
         <size>0x4</size>
         <input_file_ref idref="fl-5"/>
      </object_component>
      <object_component id="oc-351">
         <name>.cinit..data.load</name>
         <load_address>0x6478</load_address>
         <run_address>0x6478</run_address>
         <size>0x2e</size>
      </object_component>
      <object_component id="oc-350">
         <name>.cinit..vtable.load</name>
         <load_address>0x64a8</load_address>
         <run_address>0x64a8</run_address>
         <size>0xb</size>
      </object_component>
      <object_component id="oc-352">
         <name>.cinit..bss.load</name>
         <load_address>0x64b8</load_address>
         <run_address>0x64b8</run_address>
         <size>0x9</size>
      </object_component>
      <object_component id="oc-34e">
         <name>__TI_handler_table</name>
         <load_address>0x64c4</load_address>
         <run_address>0x64c4</run_address>
         <size>0x8</size>
      </object_component>
      <object_component id="oc-34f">
         <name>__TI_cinit_table</name>
         <load_address>0x64cc</load_address>
         <run_address>0x64cc</run_address>
         <size>0x18</size>
      </object_component>
      <object_component id="oc-262">
         <name>.vtable</name>
         <uninitialized>true</uninitialized>
         <run_address>0x20000000</run_address>
         <size>0x26c</size>
         <input_file_ref idref="fl-f8"/>
      </object_component>
      <object_component id="oc-12b">
         <name>.data</name>
         <load_address>0x20000f30</load_address>
         <run_address>0x20000f30</run_address>
         <size>0x20</size>
         <input_file_ref idref="fl-6"/>
      </object_component>
      <object_component id="oc-215">
         <name>.data</name>
         <load_address>0x20000f50</load_address>
         <run_address>0x20000f50</run_address>
         <size>0x10</size>
         <input_file_ref idref="fl-9"/>
      </object_component>
      <object_component id="oc-1da">
         <name>.data</name>
         <load_address>0x20000f88</load_address>
         <run_address>0x20000f88</run_address>
         <size>0x4</size>
         <input_file_ref idref="fl-c"/>
      </object_component>
      <object_component id="oc-19f">
         <name>.data</name>
         <load_address>0x20000f80</load_address>
         <run_address>0x20000f80</run_address>
         <size>0x4</size>
         <input_file_ref idref="fl-cc"/>
      </object_component>
      <object_component id="oc-ba">
         <name>.data:$O1$$</name>
         <load_address>0x20000f60</load_address>
         <run_address>0x20000f60</run_address>
         <size>0xc</size>
         <input_file_ref idref="fl-cd"/>
      </object_component>
      <object_component id="oc-2c5">
         <name>.data:$O1$$</name>
         <load_address>0x20000f6c</load_address>
         <run_address>0x20000f6c</run_address>
         <size>0xc</size>
         <input_file_ref idref="fl-d8"/>
      </object_component>
      <object_component id="oc-7a">
         <name>.data</name>
         <load_address>0x20000f84</load_address>
         <run_address>0x20000f84</run_address>
         <size>0x4</size>
         <input_file_ref idref="fl-df"/>
      </object_component>
      <object_component id="oc-bd">
         <name>.data:$O1$$</name>
         <load_address>0x20000f78</load_address>
         <run_address>0x20000f78</run_address>
         <size>0x8</size>
         <input_file_ref idref="fl-e5"/>
      </object_component>
      <object_component id="oc-202">
         <name>.bss:lastbuffer$3</name>
         <uninitialized>true</uninitialized>
         <run_address>0x20000e70</run_address>
         <size>0x54</size>
         <input_file_ref idref="fl-5"/>
      </object_component>
      <object_component id="oc-219">
         <name>.bss:firmware$2</name>
         <uninitialized>true</uninitialized>
         <run_address>0x20000ef8</run_address>
         <size>0x18</size>
         <input_file_ref idref="fl-9"/>
      </object_component>
      <object_component id="oc-1ae">
         <name>.common:isr_int_value</name>
         <uninitialized>true</uninitialized>
         <run_address>0x20000f18</run_address>
         <size>0x4</size>
      </object_component>
      <object_component id="oc-128">
         <name>.common:mid_width</name>
         <uninitialized>true</uninitialized>
         <run_address>0x20000f1c</run_address>
         <size>0x4</size>
      </object_component>
      <object_component id="oc-13f">
         <name>.common:IR_distance</name>
         <uninitialized>true</uninitialized>
         <run_address>0x20000f10</run_address>
         <size>0x4</size>
      </object_component>
      <object_component id="oc-140">
         <name>.common:sonar_distance</name>
         <uninitialized>true</uninitialized>
         <run_address>0x20000f28</run_address>
         <size>0x4</size>
      </object_component>
      <object_component id="oc-1c1">
         <name>.common:risingEdge</name>
         <uninitialized>true</uninitialized>
         <run_address>0x20000f24</run_address>
         <size>0x4</size>
      </object_component>
      <object_component id="oc-1c2">
         <name>.common:fallingEdge</name>
         <uninitialized>true</uninitialized>
         <run_address>0x20000f14</run_address>
         <size>0x4</size>
      </object_component>
      <object_component id="oc-1c3">
         <name>.common:pulseLength</name>
         <uninitialized>true</uninitialized>
         <run_address>0x20000f20</run_address>
         <size>0x4</size>
      </object_component>
      <object_component id="oc-1be">
         <name>.common:isRisingEdge</name>
         <uninitialized>true</uninitialized>
         <run_address>0x20000f2c</run_address>
         <size>0x1</size>
      </object_component>
      <object_component id="oc-1d7">
         <name>.common:isr_char_buffer</name>
         <uninitialized>true</uninitialized>
         <run_address>0x20000ec4</run_address>
         <size>0x34</size>
      </object_component>
      <object_component id="oc-2b">
         <name>.sysmem</name>
         <uninitialized>true</uninitialized>
         <run_address>0x20000a70</run_address>
         <size>0x8</size>
         <input_file_ref idref="fl-d8"/>
      </object_component>
      <object_component id="oc-354">
         <name>.sysmem</name>
         <uninitialized>true</uninitialized>
         <run_address>0x20000a70</run_address>
         <size>0x0</size>
      </object_component>
      <object_component id="oc-2a">
         <name>.stack</name>
         <uninitialized>true</uninitialized>
         <run_address>0x2000026c</run_address>
         <size>0x0</size>
         <input_file_ref idref="fl-c7"/>
      </object_component>
      <object_component id="oc-353">
         <name>.stack</name>
         <uninitialized>true</uninitialized>
         <run_address>0x2000026c</run_address>
         <size>0x0</size>
      </object_component>
      <object_component id="oc-f5">
         <name>.debug_info</name>
         <load_address>0x0</load_address>
         <run_address>0x0</run_address>
         <size>0x401</size>
         <input_file_ref idref="fl-2"/>
      </object_component>
      <object_component id="oc-92">
         <name>.debug_info</name>
         <load_address>0x401</load_address>
         <run_address>0x401</run_address>
         <size>0x84</size>
         <input_file_ref idref="fl-2"/>
      </object_component>
      <object_component id="oc-85">
         <name>.debug_info</name>
         <load_address>0x485</load_address>
         <run_address>0x485</run_address>
         <size>0x18b</size>
         <input_file_ref idref="fl-2"/>
      </object_component>
      <object_component id="oc-175">
         <name>.debug_info</name>
         <load_address>0x610</load_address>
         <run_address>0x610</run_address>
         <size>0x2c</size>
         <input_file_ref idref="fl-2"/>
      </object_component>
      <object_component id="oc-2ac">
         <name>.debug_info</name>
         <load_address>0x63c</load_address>
         <run_address>0x63c</run_address>
         <size>0x222</size>
         <input_file_ref idref="fl-3"/>
      </object_component>
      <object_component id="oc-9a">
         <name>.debug_info</name>
         <load_address>0x85e</load_address>
         <run_address>0x85e</run_address>
         <size>0x2c</size>
         <input_file_ref idref="fl-3"/>
      </object_component>
      <object_component id="oc-1d2">
         <name>.debug_info</name>
         <load_address>0x88a</load_address>
         <run_address>0x88a</run_address>
         <size>0x4e</size>
         <input_file_ref idref="fl-3"/>
      </object_component>
      <object_component id="oc-1af">
         <name>.debug_info</name>
         <load_address>0x8d8</load_address>
         <run_address>0x8d8</run_address>
         <size>0x143</size>
         <input_file_ref idref="fl-4"/>
      </object_component>
      <object_component id="oc-112">
         <name>.debug_info</name>
         <load_address>0xa1b</load_address>
         <run_address>0xa1b</run_address>
         <size>0x2ef</size>
         <input_file_ref idref="fl-4"/>
      </object_component>
      <object_component id="oc-2be">
         <name>.debug_info</name>
         <load_address>0xd0a</load_address>
         <run_address>0xd0a</run_address>
         <size>0xc8</size>
         <input_file_ref idref="fl-4"/>
      </object_component>
      <object_component id="oc-204">
         <name>.debug_info</name>
         <load_address>0xdd2</load_address>
         <run_address>0xdd2</run_address>
         <size>0x1e6</size>
         <input_file_ref idref="fl-5"/>
      </object_component>
      <object_component id="oc-1e9">
         <name>.debug_info</name>
         <load_address>0xfb8</load_address>
         <run_address>0xfb8</run_address>
         <size>0x131</size>
         <input_file_ref idref="fl-5"/>
      </object_component>
      <object_component id="oc-130">
         <name>.debug_info</name>
         <load_address>0x10e9</load_address>
         <run_address>0x10e9</run_address>
         <size>0x852</size>
         <input_file_ref idref="fl-5"/>
      </object_component>
      <object_component id="oc-129">
         <name>.debug_info</name>
         <load_address>0x193b</load_address>
         <run_address>0x193b</run_address>
         <size>0x58b</size>
         <input_file_ref idref="fl-6"/>
      </object_component>
      <object_component id="oc-12c">
         <name>.debug_info</name>
         <load_address>0x1ec6</load_address>
         <run_address>0x1ec6</run_address>
         <size>0x1da</size>
         <input_file_ref idref="fl-6"/>
      </object_component>
      <object_component id="oc-b3">
         <name>.debug_info</name>
         <load_address>0x20a0</load_address>
         <run_address>0x20a0</run_address>
         <size>0xe43</size>
         <input_file_ref idref="fl-6"/>
      </object_component>
      <object_component id="oc-1e0">
         <name>.debug_info</name>
         <load_address>0x2ee3</load_address>
         <run_address>0x2ee3</run_address>
         <size>0x5aa</size>
         <input_file_ref idref="fl-6"/>
      </object_component>
      <object_component id="oc-21d">
         <name>.debug_info</name>
         <load_address>0x348d</load_address>
         <run_address>0x348d</run_address>
         <size>0x244</size>
         <input_file_ref idref="fl-7"/>
      </object_component>
      <object_component id="oc-148">
         <name>.debug_info</name>
         <load_address>0x36d1</load_address>
         <run_address>0x36d1</run_address>
         <size>0x7bf</size>
         <input_file_ref idref="fl-7"/>
      </object_component>
      <object_component id="oc-237">
         <name>.debug_info</name>
         <load_address>0x3e90</load_address>
         <run_address>0x3e90</run_address>
         <size>0x1f0</size>
         <input_file_ref idref="fl-8"/>
      </object_component>
      <object_component id="oc-21f">
         <name>.debug_info</name>
         <load_address>0x4080</load_address>
         <run_address>0x4080</run_address>
         <size>0xd9</size>
         <input_file_ref idref="fl-8"/>
      </object_component>
      <object_component id="oc-222">
         <name>.debug_info</name>
         <load_address>0x4159</load_address>
         <run_address>0x4159</run_address>
         <size>0xd9</size>
         <input_file_ref idref="fl-8"/>
      </object_component>
      <object_component id="oc-225">
         <name>.debug_info</name>
         <load_address>0x4232</load_address>
         <run_address>0x4232</run_address>
         <size>0xd9</size>
         <input_file_ref idref="fl-8"/>
      </object_component>
      <object_component id="oc-228">
         <name>.debug_info</name>
         <load_address>0x430b</load_address>
         <run_address>0x430b</run_address>
         <size>0xd9</size>
         <input_file_ref idref="fl-8"/>
      </object_component>
      <object_component id="oc-22b">
         <name>.debug_info</name>
         <load_address>0x43e4</load_address>
         <run_address>0x43e4</run_address>
         <size>0xd9</size>
         <input_file_ref idref="fl-8"/>
      </object_component>
      <object_component id="oc-22e">
         <name>.debug_info</name>
         <load_address>0x44bd</load_address>
         <run_address>0x44bd</run_address>
         <size>0xd9</size>
         <input_file_ref idref="fl-8"/>
      </object_component>
      <object_component id="oc-231">
         <name>.debug_info</name>
         <load_address>0x4596</load_address>
         <run_address>0x4596</run_address>
         <size>0xd9</size>
         <input_file_ref idref="fl-8"/>
      </object_component>
      <object_component id="oc-234">
         <name>.debug_info</name>
         <load_address>0x466f</load_address>
         <run_address>0x466f</run_address>
         <size>0xd9</size>
         <input_file_ref idref="fl-8"/>
      </object_component>
      <object_component id="oc-14e">
         <name>.debug_info</name>
         <load_address>0x4748</load_address>
         <run_address>0x4748</run_address>
         <size>0x3d2</size>
         <input_file_ref idref="fl-8"/>
      </object_component>
      <object_component id="oc-21b">
         <name>.debug_info</name>
         <load_address>0x4b1a</load_address>
         <run_address>0x4b1a</run_address>
         <size>0x297</size>
         <input_file_ref idref="fl-9"/>
      </object_component>
      <object_component id="oc-217">
         <name>.debug_info</name>
         <load_address>0x4db1</load_address>
         <run_address>0x4db1</run_address>
         <size>0xe3</size>
         <input_file_ref idref="fl-9"/>
      </object_component>
      <object_component id="oc-210">
         <name>.debug_info</name>
         <load_address>0x4e94</load_address>
         <run_address>0x4e94</run_address>
         <size>0x15b</size>
         <input_file_ref idref="fl-9"/>
      </object_component>
      <object_component id="oc-145">
         <name>.debug_info</name>
         <load_address>0x4fef</load_address>
         <run_address>0x4fef</run_address>
         <size>0x14f3</size>
         <input_file_ref idref="fl-9"/>
      </object_component>
      <object_component id="oc-1bf">
         <name>.debug_info</name>
         <load_address>0x64e2</load_address>
         <run_address>0x64e2</run_address>
         <size>0x1f1</size>
         <input_file_ref idref="fl-a"/>
      </object_component>
      <object_component id="oc-117">
         <name>.debug_info</name>
         <load_address>0x66d3</load_address>
         <run_address>0x66d3</run_address>
         <size>0x253</size>
         <input_file_ref idref="fl-a"/>
      </object_component>
      <object_component id="oc-1c5">
         <name>.debug_info</name>
         <load_address>0x6926</load_address>
         <run_address>0x6926</run_address>
         <size>0x8b</size>
         <input_file_ref idref="fl-a"/>
      </object_component>
      <object_component id="oc-36">
         <name>.debug_info</name>
         <load_address>0x69b1</load_address>
         <run_address>0x69b1</run_address>
         <size>0x10c</size>
         <input_file_ref idref="fl-b"/>
      </object_component>
      <object_component id="oc-10">
         <name>.debug_info</name>
         <load_address>0x6abd</load_address>
         <run_address>0x6abd</run_address>
         <size>0xf7</size>
         <input_file_ref idref="fl-b"/>
      </object_component>
      <object_component id="oc-2f">
         <name>.debug_info</name>
         <load_address>0x6bb4</load_address>
         <run_address>0x6bb4</run_address>
         <size>0x273</size>
         <input_file_ref idref="fl-b"/>
      </object_component>
      <object_component id="oc-1d8">
         <name>.debug_info</name>
         <load_address>0x6e27</load_address>
         <run_address>0x6e27</run_address>
         <size>0x184</size>
         <input_file_ref idref="fl-c"/>
      </object_component>
      <object_component id="oc-1db">
         <name>.debug_info</name>
         <load_address>0x6fab</load_address>
         <run_address>0x6fab</run_address>
         <size>0xe1</size>
         <input_file_ref idref="fl-c"/>
      </object_component>
      <object_component id="oc-123">
         <name>.debug_info</name>
         <load_address>0x708c</load_address>
         <run_address>0x708c</run_address>
         <size>0x484</size>
         <input_file_ref idref="fl-c"/>
      </object_component>
      <object_component id="oc-25">
         <name>.debug_info</name>
         <load_address>0x7510</load_address>
         <run_address>0x7510</run_address>
         <size>0x17c</size>
         <input_file_ref idref="fl-c7"/>
      </object_component>
      <object_component id="oc-42">
         <name>.debug_info</name>
         <load_address>0x768c</load_address>
         <run_address>0x768c</run_address>
         <size>0x15c</size>
         <input_file_ref idref="fl-c8"/>
      </object_component>
      <object_component id="oc-14">
         <name>.debug_info</name>
         <load_address>0x77e8</load_address>
         <run_address>0x77e8</run_address>
         <size>0x1fb</size>
         <input_file_ref idref="fl-c8"/>
      </object_component>
      <object_component id="oc-3d">
         <name>.debug_info</name>
         <load_address>0x79e3</load_address>
         <run_address>0x79e3</run_address>
         <size>0x46</size>
         <input_file_ref idref="fl-c8"/>
      </object_component>
      <object_component id="oc-8b">
         <name>.debug_info</name>
         <load_address>0x7a29</load_address>
         <run_address>0x7a29</run_address>
         <size>0x2c</size>
         <input_file_ref idref="fl-c8"/>
      </object_component>
      <object_component id="oc-4a">
         <name>.debug_info</name>
         <load_address>0x7a55</load_address>
         <run_address>0x7a55</run_address>
         <size>0x150</size>
         <input_file_ref idref="fl-c9"/>
      </object_component>
      <object_component id="oc-44">
         <name>.debug_info</name>
         <load_address>0x7ba5</load_address>
         <run_address>0x7ba5</run_address>
         <size>0x263</size>
         <input_file_ref idref="fl-c9"/>
      </object_component>
      <object_component id="oc-19">
         <name>.debug_info</name>
         <load_address>0x7e08</load_address>
         <run_address>0x7e08</run_address>
         <size>0x1cd</size>
         <input_file_ref idref="fl-c9"/>
      </object_component>
      <object_component id="oc-4b">
         <name>.debug_info</name>
         <load_address>0x7fd5</load_address>
         <run_address>0x7fd5</run_address>
         <size>0x39</size>
         <input_file_ref idref="fl-c9"/>
      </object_component>
      <object_component id="oc-1a3">
         <name>.debug_info</name>
         <load_address>0x800e</load_address>
         <run_address>0x800e</run_address>
         <size>0x165</size>
         <input_file_ref idref="fl-cb"/>
      </object_component>
      <object_component id="oc-10b">
         <name>.debug_info</name>
         <load_address>0x8173</load_address>
         <run_address>0x8173</run_address>
         <size>0x25c</size>
         <input_file_ref idref="fl-cb"/>
      </object_component>
      <object_component id="oc-194">
         <name>.debug_info</name>
         <load_address>0x83cf</load_address>
         <run_address>0x83cf</run_address>
         <size>0x39</size>
         <input_file_ref idref="fl-cb"/>
      </object_component>
      <object_component id="oc-1a0">
         <name>.debug_info</name>
         <load_address>0x8408</load_address>
         <run_address>0x8408</run_address>
         <size>0x10f</size>
         <input_file_ref idref="fl-cc"/>
      </object_component>
      <object_component id="oc-c1">
         <name>.debug_info</name>
         <load_address>0x8517</load_address>
         <run_address>0x8517</run_address>
         <size>0x250</size>
         <input_file_ref idref="fl-cd"/>
      </object_component>
      <object_component id="oc-bb">
         <name>.debug_info</name>
         <load_address>0x8767</load_address>
         <run_address>0x8767</run_address>
         <size>0x1a1</size>
         <input_file_ref idref="fl-cd"/>
      </object_component>
      <object_component id="oc-75">
         <name>.debug_info</name>
         <load_address>0x8908</load_address>
         <run_address>0x8908</run_address>
         <size>0x230</size>
         <input_file_ref idref="fl-cd"/>
      </object_component>
      <object_component id="oc-eb">
         <name>.debug_info</name>
         <load_address>0x8b38</load_address>
         <run_address>0x8b38</run_address>
         <size>0x160</size>
         <input_file_ref idref="fl-ce"/>
      </object_component>
      <object_component id="oc-183">
         <name>.debug_info</name>
         <load_address>0x8c98</load_address>
         <run_address>0x8c98</run_address>
         <size>0x13c</size>
         <input_file_ref idref="fl-cf"/>
      </object_component>
      <object_component id="oc-19c">
         <name>.debug_info</name>
         <load_address>0x8dd4</load_address>
         <run_address>0x8dd4</run_address>
         <size>0x13e</size>
         <input_file_ref idref="fl-cf"/>
      </object_component>
      <object_component id="oc-100">
         <name>.debug_info</name>
         <load_address>0x8f12</load_address>
         <run_address>0x8f12</run_address>
         <size>0x14e</size>
         <input_file_ref idref="fl-d0"/>
      </object_component>
      <object_component id="oc-e7">
         <name>.debug_info</name>
         <load_address>0x9060</load_address>
         <run_address>0x9060</run_address>
         <size>0x14e</size>
         <input_file_ref idref="fl-d1"/>
      </object_component>
      <object_component id="oc-136">
         <name>.debug_info</name>
         <load_address>0x91ae</load_address>
         <run_address>0x91ae</run_address>
         <size>0x142</size>
         <input_file_ref idref="fl-d2"/>
      </object_component>
      <object_component id="oc-1a6">
         <name>.debug_info</name>
         <load_address>0x92f0</load_address>
         <run_address>0x92f0</run_address>
         <size>0x152</size>
         <input_file_ref idref="fl-d3"/>
      </object_component>
      <object_component id="oc-f0">
         <name>.debug_info</name>
         <load_address>0x9442</load_address>
         <run_address>0x9442</run_address>
         <size>0x14d</size>
         <input_file_ref idref="fl-d4"/>
      </object_component>
      <object_component id="oc-1aa">
         <name>.debug_info</name>
         <load_address>0x958f</load_address>
         <run_address>0x958f</run_address>
         <size>0x140</size>
         <input_file_ref idref="fl-d5"/>
      </object_component>
      <object_component id="oc-fd">
         <name>.debug_info</name>
         <load_address>0x96cf</load_address>
         <run_address>0x96cf</run_address>
         <size>0x140</size>
         <input_file_ref idref="fl-d6"/>
      </object_component>
      <object_component id="oc-38">
         <name>.debug_info</name>
         <load_address>0x980f</load_address>
         <run_address>0x980f</run_address>
         <size>0x12d</size>
         <input_file_ref idref="fl-d7"/>
      </object_component>
      <object_component id="oc-80">
         <name>.debug_info</name>
         <load_address>0x993c</load_address>
         <run_address>0x993c</run_address>
         <size>0x23e</size>
         <input_file_ref idref="fl-d8"/>
      </object_component>
      <object_component id="oc-2c">
         <name>.debug_info</name>
         <load_address>0x9b7a</load_address>
         <run_address>0x9b7a</run_address>
         <size>0x11d</size>
         <input_file_ref idref="fl-d8"/>
      </object_component>
      <object_component id="oc-2c6">
         <name>.debug_info</name>
         <load_address>0x9c97</load_address>
         <run_address>0x9c97</run_address>
         <size>0x168</size>
         <input_file_ref idref="fl-d8"/>
      </object_component>
      <object_component id="oc-209">
         <name>.debug_info</name>
         <load_address>0x9dff</load_address>
         <run_address>0x9dff</run_address>
         <size>0x8a7</size>
         <input_file_ref idref="fl-d8"/>
      </object_component>
      <object_component id="oc-c7">
         <name>.debug_info</name>
         <load_address>0xa6a6</load_address>
         <run_address>0xa6a6</run_address>
         <size>0x2c</size>
         <input_file_ref idref="fl-d8"/>
      </object_component>
      <object_component id="oc-cc">
         <name>.debug_info</name>
         <load_address>0xa6d2</load_address>
         <run_address>0xa6d2</run_address>
         <size>0x62</size>
         <input_file_ref idref="fl-d8"/>
      </object_component>
      <object_component id="oc-51">
         <name>.debug_info</name>
         <load_address>0xa734</load_address>
         <run_address>0xa734</run_address>
         <size>0x15b</size>
         <input_file_ref idref="fl-d9"/>
      </object_component>
      <object_component id="oc-60">
         <name>.debug_info</name>
         <load_address>0xa88f</load_address>
         <run_address>0xa88f</run_address>
         <size>0x154</size>
         <input_file_ref idref="fl-da"/>
      </object_component>
      <object_component id="oc-66">
         <name>.debug_info</name>
         <load_address>0xa9e3</load_address>
         <run_address>0xa9e3</run_address>
         <size>0x164</size>
         <input_file_ref idref="fl-db"/>
      </object_component>
      <object_component id="oc-199">
         <name>.debug_info</name>
         <load_address>0xab47</load_address>
         <run_address>0xab47</run_address>
         <size>0x227</size>
         <input_file_ref idref="fl-dc"/>
      </object_component>
      <object_component id="oc-107">
         <name>.debug_info</name>
         <load_address>0xad6e</load_address>
         <run_address>0xad6e</run_address>
         <size>0x7ab</size>
         <input_file_ref idref="fl-dc"/>
      </object_component>
      <object_component id="oc-207">
         <name>.debug_info</name>
         <load_address>0xb519</load_address>
         <run_address>0xb519</run_address>
         <size>0x282</size>
         <input_file_ref idref="fl-dd"/>
      </object_component>
      <object_component id="oc-13a">
         <name>.debug_info</name>
         <load_address>0xb79b</load_address>
         <run_address>0xb79b</run_address>
         <size>0x7a6</size>
         <input_file_ref idref="fl-dd"/>
      </object_component>
      <object_component id="oc-1d1">
         <name>.debug_info</name>
         <load_address>0xbf41</load_address>
         <run_address>0xbf41</run_address>
         <size>0x1d7</size>
         <input_file_ref idref="fl-de"/>
      </object_component>
      <object_component id="oc-11d">
         <name>.debug_info</name>
         <load_address>0xc118</load_address>
         <run_address>0xc118</run_address>
         <size>0x300</size>
         <input_file_ref idref="fl-de"/>
      </object_component>
      <object_component id="oc-2a0">
         <name>.debug_info</name>
         <load_address>0xc418</load_address>
         <run_address>0xc418</run_address>
         <size>0x2c</size>
         <input_file_ref idref="fl-de"/>
      </object_component>
      <object_component id="oc-7b">
         <name>.debug_info</name>
         <load_address>0xc444</load_address>
         <run_address>0xc444</run_address>
         <size>0x125</size>
         <input_file_ref idref="fl-df"/>
      </object_component>
      <object_component id="oc-2b9">
         <name>.debug_info</name>
         <load_address>0xc569</load_address>
         <run_address>0xc569</run_address>
         <size>0x101</size>
         <input_file_ref idref="fl-e0"/>
      </object_component>
      <object_component id="oc-1f8">
         <name>.debug_info</name>
         <load_address>0xc66a</load_address>
         <run_address>0xc66a</run_address>
         <size>0x2aa</size>
         <input_file_ref idref="fl-e0"/>
      </object_component>
      <object_component id="oc-2bb">
         <name>.debug_info</name>
         <load_address>0xc914</load_address>
         <run_address>0xc914</run_address>
         <size>0x10c</size>
         <input_file_ref idref="fl-e1"/>
      </object_component>
      <object_component id="oc-1fd">
         <name>.debug_info</name>
         <load_address>0xca20</load_address>
         <run_address>0xca20</run_address>
         <size>0x283</size>
         <input_file_ref idref="fl-e1"/>
      </object_component>
      <object_component id="oc-2fa">
         <name>.debug_info</name>
         <load_address>0xcca3</load_address>
         <run_address>0xcca3</run_address>
         <size>0x106</size>
         <input_file_ref idref="fl-e2"/>
      </object_component>
      <object_component id="oc-276">
         <name>.debug_info</name>
         <load_address>0xcda9</load_address>
         <run_address>0xcda9</run_address>
         <size>0x27c</size>
         <input_file_ref idref="fl-e2"/>
      </object_component>
      <object_component id="oc-e1">
         <name>.debug_info</name>
         <load_address>0xd025</load_address>
         <run_address>0xd025</run_address>
         <size>0x142</size>
         <input_file_ref idref="fl-e3"/>
      </object_component>
      <object_component id="oc-2b2">
         <name>.debug_info</name>
         <load_address>0xd167</load_address>
         <run_address>0xd167</run_address>
         <size>0x1e4</size>
         <input_file_ref idref="fl-e4"/>
      </object_component>
      <object_component id="oc-1f1">
         <name>.debug_info</name>
         <load_address>0xd34b</load_address>
         <run_address>0xd34b</run_address>
         <size>0x378</size>
         <input_file_ref idref="fl-e4"/>
      </object_component>
      <object_component id="oc-2b3">
         <name>.debug_info</name>
         <load_address>0xd6c3</load_address>
         <run_address>0xd6c3</run_address>
         <size>0x69</size>
         <input_file_ref idref="fl-e4"/>
      </object_component>
      <object_component id="oc-165">
         <name>.debug_info</name>
         <load_address>0xd72c</load_address>
         <run_address>0xd72c</run_address>
         <size>0x140</size>
         <input_file_ref idref="fl-e5"/>
      </object_component>
      <object_component id="oc-be">
         <name>.debug_info</name>
         <load_address>0xd86c</load_address>
         <run_address>0xd86c</run_address>
         <size>0x12f</size>
         <input_file_ref idref="fl-e5"/>
      </object_component>
      <object_component id="oc-15e">
         <name>.debug_info</name>
         <load_address>0xd99b</load_address>
         <run_address>0xd99b</run_address>
         <size>0x23b</size>
         <input_file_ref idref="fl-e5"/>
      </object_component>
      <object_component id="oc-29a">
         <name>.debug_info</name>
         <load_address>0xdbd6</load_address>
         <run_address>0xdbd6</run_address>
         <size>0x3ac</size>
         <input_file_ref idref="fl-e6"/>
      </object_component>
      <object_component id="oc-1cd">
         <name>.debug_info</name>
         <load_address>0xdf82</load_address>
         <run_address>0xdf82</run_address>
         <size>0x180c</size>
         <input_file_ref idref="fl-e6"/>
      </object_component>
      <object_component id="oc-29b">
         <name>.debug_info</name>
         <load_address>0xf78e</load_address>
         <run_address>0xf78e</run_address>
         <size>0x86</size>
         <input_file_ref idref="fl-e6"/>
      </object_component>
      <object_component id="oc-30a">
         <name>.debug_info</name>
         <load_address>0xf814</load_address>
         <run_address>0xf814</run_address>
         <size>0x46</size>
         <input_file_ref idref="fl-e6"/>
      </object_component>
      <object_component id="oc-2a5">
         <name>.debug_info</name>
         <load_address>0xf85a</load_address>
         <run_address>0xf85a</run_address>
         <size>0x39</size>
         <input_file_ref idref="fl-e6"/>
      </object_component>
      <object_component id="oc-b9">
         <name>.debug_info</name>
         <load_address>0xf893</load_address>
         <run_address>0xf893</run_address>
         <size>0x182</size>
         <input_file_ref idref="fl-e7"/>
      </object_component>
      <object_component id="oc-71">
         <name>.debug_info</name>
         <load_address>0xfa15</load_address>
         <run_address>0xfa15</run_address>
         <size>0x183</size>
         <input_file_ref idref="fl-e7"/>
      </object_component>
      <object_component id="oc-156">
         <name>.debug_info</name>
         <load_address>0xfb98</load_address>
         <run_address>0xfb98</run_address>
         <size>0x5e</size>
         <input_file_ref idref="fl-e7"/>
      </object_component>
      <object_component id="oc-307">
         <name>.debug_info</name>
         <load_address>0xfbf6</load_address>
         <run_address>0xfbf6</run_address>
         <size>0x130</size>
         <input_file_ref idref="fl-e8"/>
      </object_component>
      <object_component id="oc-295">
         <name>.debug_info</name>
         <load_address>0xfd26</load_address>
         <run_address>0xfd26</run_address>
         <size>0x18d</size>
         <input_file_ref idref="fl-e8"/>
      </object_component>
      <object_component id="oc-b1">
         <name>.debug_info</name>
         <load_address>0xfeb3</load_address>
         <run_address>0xfeb3</run_address>
         <size>0x305</size>
         <input_file_ref idref="fl-e9"/>
      </object_component>
      <object_component id="oc-69">
         <name>.debug_info</name>
         <load_address>0x101b8</load_address>
         <run_address>0x101b8</run_address>
         <size>0x1ac</size>
         <input_file_ref idref="fl-e9"/>
      </object_component>
      <object_component id="oc-d6">
         <name>.debug_info</name>
         <load_address>0x10364</load_address>
         <run_address>0x10364</run_address>
         <size>0x39</size>
         <input_file_ref idref="fl-e9"/>
      </object_component>
      <object_component id="oc-db">
         <name>.debug_info</name>
         <load_address>0x1039d</load_address>
         <run_address>0x1039d</run_address>
         <size>0xcd</size>
         <input_file_ref idref="fl-e9"/>
      </object_component>
      <object_component id="oc-d2">
         <name>.debug_info</name>
         <load_address>0x1046a</load_address>
         <run_address>0x1046a</run_address>
         <size>0x1fc</size>
         <input_file_ref idref="fl-ea"/>
      </object_component>
      <object_component id="oc-a5">
         <name>.debug_info</name>
         <load_address>0x10666</load_address>
         <run_address>0x10666</run_address>
         <size>0x19f</size>
         <input_file_ref idref="fl-ea"/>
      </object_component>
      <object_component id="oc-16b">
         <name>.debug_info</name>
         <load_address>0x10805</load_address>
         <run_address>0x10805</run_address>
         <size>0x2c</size>
         <input_file_ref idref="fl-ea"/>
      </object_component>
      <object_component id="oc-32a">
         <name>.debug_info</name>
         <load_address>0x10831</load_address>
         <run_address>0x10831</run_address>
         <size>0x10a</size>
         <input_file_ref idref="fl-eb"/>
      </object_component>
      <object_component id="oc-304">
         <name>.debug_info</name>
         <load_address>0x1093b</load_address>
         <run_address>0x1093b</run_address>
         <size>0x116</size>
         <input_file_ref idref="fl-eb"/>
      </object_component>
      <object_component id="oc-23c">
         <name>.debug_info</name>
         <load_address>0x10a51</load_address>
         <run_address>0x10a51</run_address>
         <size>0xfa</size>
         <input_file_ref idref="fl-ec"/>
      </object_component>
      <object_component id="oc-17d">
         <name>.debug_info</name>
         <load_address>0x10b4b</load_address>
         <run_address>0x10b4b</run_address>
         <size>0x338</size>
         <input_file_ref idref="fl-ec"/>
      </object_component>
      <object_component id="oc-24e">
         <name>.debug_info</name>
         <load_address>0x10e83</load_address>
         <run_address>0x10e83</run_address>
         <size>0x21c</size>
         <input_file_ref idref="fl-ed"/>
      </object_component>
      <object_component id="oc-24b">
         <name>.debug_info</name>
         <load_address>0x1109f</load_address>
         <run_address>0x1109f</run_address>
         <size>0x14b</size>
         <input_file_ref idref="fl-ed"/>
      </object_component>
      <object_component id="oc-18b">
         <name>.debug_info</name>
         <load_address>0x111ea</load_address>
         <run_address>0x111ea</run_address>
         <size>0x742</size>
         <input_file_ref idref="fl-ed"/>
      </object_component>
      <object_component id="oc-250">
         <name>.debug_info</name>
         <load_address>0x1192c</load_address>
         <run_address>0x1192c</run_address>
         <size>0x2c</size>
         <input_file_ref idref="fl-ed"/>
      </object_component>
      <object_component id="oc-256">
         <name>.debug_info</name>
         <load_address>0x11958</load_address>
         <run_address>0x11958</run_address>
         <size>0xff</size>
         <input_file_ref idref="fl-ee"/>
      </object_component>
      <object_component id="oc-191">
         <name>.debug_info</name>
         <load_address>0x11a57</load_address>
         <run_address>0x11a57</run_address>
         <size>0x391</size>
         <input_file_ref idref="fl-ee"/>
      </object_component>
      <object_component id="oc-2fc">
         <name>.debug_info</name>
         <load_address>0x11de8</load_address>
         <run_address>0x11de8</run_address>
         <size>0x168</size>
         <input_file_ref idref="fl-ef"/>
      </object_component>
      <object_component id="oc-27e">
         <name>.debug_info</name>
         <load_address>0x11f50</load_address>
         <run_address>0x11f50</run_address>
         <size>0x1de</size>
         <input_file_ref idref="fl-ef"/>
      </object_component>
      <object_component id="oc-302">
         <name>.debug_info</name>
         <load_address>0x1212e</load_address>
         <run_address>0x1212e</run_address>
         <size>0x10d</size>
         <input_file_ref idref="fl-f0"/>
      </object_component>
      <object_component id="oc-28e">
         <name>.debug_info</name>
         <load_address>0x1223b</load_address>
         <run_address>0x1223b</run_address>
         <size>0x1c7</size>
         <input_file_ref idref="fl-f0"/>
      </object_component>
      <object_component id="oc-2ec">
         <name>.debug_info</name>
         <load_address>0x12402</load_address>
         <run_address>0x12402</run_address>
         <size>0x150</size>
         <input_file_ref idref="fl-f1"/>
      </object_component>
      <object_component id="oc-247">
         <name>.debug_info</name>
         <load_address>0x12552</load_address>
         <run_address>0x12552</run_address>
         <size>0x23b</size>
         <input_file_ref idref="fl-f1"/>
      </object_component>
      <object_component id="oc-2fe">
         <name>.debug_info</name>
         <load_address>0x1278d</load_address>
         <run_address>0x1278d</run_address>
         <size>0x15b</size>
         <input_file_ref idref="fl-f2"/>
      </object_component>
      <object_component id="oc-282">
         <name>.debug_info</name>
         <load_address>0x128e8</load_address>
         <run_address>0x128e8</run_address>
         <size>0x1a6</size>
         <input_file_ref idref="fl-f2"/>
      </object_component>
      <object_component id="oc-2ea">
         <name>.debug_info</name>
         <load_address>0x12a8e</load_address>
         <run_address>0x12a8e</run_address>
         <size>0x198</size>
         <input_file_ref idref="fl-f3"/>
      </object_component>
      <object_component id="oc-241">
         <name>.debug_info</name>
         <load_address>0x12c26</load_address>
         <run_address>0x12c26</run_address>
         <size>0x1f1</size>
         <input_file_ref idref="fl-f3"/>
      </object_component>
      <object_component id="oc-ab">
         <name>.debug_info</name>
         <load_address>0x12e17</load_address>
         <run_address>0x12e17</run_address>
         <size>0x161</size>
         <input_file_ref idref="fl-f4"/>
      </object_component>
      <object_component id="oc-300">
         <name>.debug_info</name>
         <load_address>0x12f78</load_address>
         <run_address>0x12f78</run_address>
         <size>0x111</size>
         <input_file_ref idref="fl-f5"/>
      </object_component>
      <object_component id="oc-28a">
         <name>.debug_info</name>
         <load_address>0x13089</load_address>
         <run_address>0x13089</run_address>
         <size>0x296</size>
         <input_file_ref idref="fl-f5"/>
      </object_component>
      <object_component id="oc-271">
         <name>.debug_info</name>
         <load_address>0x1331f</load_address>
         <run_address>0x1331f</run_address>
         <size>0x199</size>
         <input_file_ref idref="fl-f6"/>
      </object_component>
      <object_component id="oc-2e7">
         <name>.debug_info</name>
         <load_address>0x134b8</load_address>
         <run_address>0x134b8</run_address>
         <size>0x172</size>
         <input_file_ref idref="fl-f7"/>
      </object_component>
      <object_component id="oc-266">
         <name>.debug_info</name>
         <load_address>0x1362a</load_address>
         <run_address>0x1362a</run_address>
         <size>0x20e</size>
         <input_file_ref idref="fl-f8"/>
      </object_component>
      <object_component id="oc-263">
         <name>.debug_info</name>
         <load_address>0x13838</load_address>
         <run_address>0x13838</run_address>
         <size>0x157</size>
         <input_file_ref idref="fl-f8"/>
      </object_component>
      <object_component id="oc-1b3">
         <name>.debug_info</name>
         <load_address>0x1398f</load_address>
         <run_address>0x1398f</run_address>
         <size>0x2c1</size>
         <input_file_ref idref="fl-f8"/>
      </object_component>
      <object_component id="oc-1bb">
         <name>.debug_info</name>
         <load_address>0x13c50</load_address>
         <run_address>0x13c50</run_address>
         <size>0x23e</size>
         <input_file_ref idref="fl-f8"/>
      </object_component>
      <object_component id="oc-268">
         <name>.debug_info</name>
         <load_address>0x13e8e</load_address>
         <run_address>0x13e8e</run_address>
         <size>0x212</size>
         <input_file_ref idref="fl-f9"/>
      </object_component>
      <object_component id="oc-355">
         <name>.debug_info</name>
         <load_address>0x140a0</load_address>
         <run_address>0x140a0</run_address>
         <size>0xad</size>
[...]
      </symbol>
      <symbol id="sm-2d1">
         <name>oi_uartSendStr</name>
         <value>0x1afb</value>
         <object_component_ref idref="oc-141"/>
      </symbol>
      <symbol id="sm-2d2">
         <name>oi_close</name>
         <value>0x13d3</value>
         <object_component_ref idref="oc-141"/>
      </symbol>
      <symbol id="sm-2d3">
         <name>oi_uartSendBuff</name>
         <value>0x1b19</value>
         <object_component_ref idref="oc-141"/>
      </symbol>
      <symbol id="sm-2d4">
         <name>oi_checkFirmware</name>
         <value>0x1b4b</value>
         <object_component_ref idref="oc-141"/>
      </symbol>
      <symbol id="sm-2d5">
         <name>oi_init_noupdate</name>
         <value>0x1399</value>
         <object_component_ref idref="oc-141"/>
      </symbol>
      <symbol id="sm-2d6">
         <name>oi_uartSendChar</name>
         <value>0x1ab7</value>
         <object_component_ref idref="oc-141"/>
      </symbol>
      <symbol id="sm-2d7">
         <name>oi_alloc</name>
         <value>0x137d</value>
         <object_component_ref idref="oc-141"/>
      </symbol>
      <symbol id="sm-2d8">
         <name>oi_loadSong</name>
         <value>0x19b7</value>
         <object_component_ref idref="oc-141"/>
      </symbol>
      <symbol id="sm-2d9">
         <name>oi_play_song</name>
         <value>0x1a0d</value>
         <object_component_ref idref="oc-141"/>
      </symbol>
      <symbol id="sm-2da">
         <name>oi_parsePacket</name>
         <value>0x1437</value>
         <object_component_ref idref="oc-141"/>
      </symbol>
      <symbol id="sm-2db">
         <name>oi_setLeds</name>
         <value>0x1931</value>
         <object_component_ref idref="oc-141"/>
      </symbol>
      <symbol id="sm-2dc">
         <name>oi_init</name>
         <value>0x13bd</value>
         <object_component_ref idref="oc-141"/>
      </symbol>
      <symbol id="sm-2dd">
         <name>oi_update</name>
         <value>0x13e5</value>
         <object_component_ref idref="oc-141"/>
      </symbol>
      <symbol id="sm-2de">
         <name>oi_uartInit</name>
         <value>0x1a2f</value>
         <object_component_ref idref="oc-141"/>
      </symbol>
      <symbol id="sm-311">
         <name>risingEdge</name>
         <value>0x20000f24</value>
      </symbol>
      <symbol id="sm-312">
         <name>fallingEdge</name>
         <value>0x20000f14</value>
      </symbol>
      <symbol id="sm-313">
         <name>pulseLength</name>
         <value>0x20000f20</value>
      </symbol>
      <symbol id="sm-314">
         <name>isRisingEdge</name>
         <value>0x20000f2c</value>
      </symbol>
      <symbol id="sm-315">
         <name>TIMER3B_Handler</name>
         <value>0x4733</value>
         <object_component_ref idref="oc-116"/>
      </symbol>
      <symbol id="sm-316">
         <name>ping_init</name>
         <value>0x4649</value>
         <object_component_ref idref="oc-116"/>
      </symbol>
      <symbol id="sm-317">
         <name>ping_getDistance</name>
         <value>0x4785</value>
         <object_component_ref idref="oc-116"/>
      </symbol>
      <symbol id="sm-318">
         <name>ping_trigger</name>
         <value>0x46c9</value>
         <object_component_ref idref="oc-116"/>
      </symbol>
      <symbol id="sm-334">
         <name>ResetISR</name>
         <value>0x60d3</value>
         <object_component_ref idref="oc-2e"/>
      </symbol>
      <symbol id="sm-335">
         <name>g_pfnVectors</name>
         <value>0x0</value>
         <object_component_ref idref="oc-f"/>
      </symbol>
      <symbol id="sm-36e">
         <name>isr_char_buffer</name>
         <value>0x20000ec4</value>
      </symbol>
      <symbol id="sm-36f">
         <name>UART1_Handler</name>
         <value>0x497b</value>
         <object_component_ref idref="oc-122"/>
      </symbol>
      <symbol id="sm-370">
         <name>uart_flush</name>
         <value>0x491d</value>
         <object_component_ref idref="oc-122"/>
      </symbol>
      <symbol id="sm-371">
         <name>uart_sendChar</name>
         <value>0x48b1</value>
         <object_component_ref idref="oc-122"/>
      </symbol>
      <symbol id="sm-372">
         <name>uart_sendBuffer</name>
         <value>0x48f3</value>
         <object_component_ref idref="oc-122"/>
      </symbol>
      <symbol id="sm-373">
         <name>uart_init</name>
         <value>0x4829</value>
         <object_component_ref idref="oc-122"/>
      </symbol>
      <symbol id="sm-374">
         <name>isr_counter</name>
         <value>0x20000f88</value>
         <object_component_ref idref="oc-1da"/>
      </symbol>
      <symbol id="sm-375">
         <name>uart_receive</name>
         <value>0x48cd</value>
         <object_component_ref idref="oc-122"/>
      </symbol>
      <symbol id="sm-376">
         <name>uart_sendNum</name>
         <value>0x495f</value>
         <object_component_ref idref="oc-122"/>
      </symbol>
      <symbol id="sm-377">
         <name>uart_sendStr</name>
         <value>0x493b</value>
         <object_component_ref idref="oc-122"/>
      </symbol>
      <symbol id="sm-388">
         <name>_c_int00</name>
         <value>0x5d45</value>
         <object_component_ref idref="oc-24"/>
      </symbol>
      <symbol id="sm-389">
         <name>__stack</name>
         <value>0x2000026c</value>
         <object_component_ref idref="oc-2a"/>
      </symbol>
      <symbol id="sm-3a0">
         <name>__TI_decompress_none</name>
         <value>0x60b9</value>
         <object_component_ref idref="oc-12"/>
      </symbol>
      <symbol id="sm-3c3">
         <name>__TI_decompress_rle24</name>
         <value>0x60df</value>
         <object_component_ref idref="oc-18"/>
      </symbol>
      <symbol id="sm-3ed">
         <name>sqrtl</name>
         <value>0x4ed9</value>
         <object_component_ref idref="oc-10a"/>
      </symbol>
      <symbol id="sm-3ee">
         <name>sqrt</name>
         <value>0x4ed9</value>
         <object_component_ref idref="oc-10a"/>
      </symbol>
      <symbol id="sm-3f6">
         <name>errno</name>
         <value>0x20000f80</value>
         <object_component_ref idref="oc-19f"/>
      </symbol>
      <symbol id="sm-417">
         <name>C$$EXIT</name>
         <value>0x5d99</value>
         <object_component_ref idref="oc-74"/>
      </symbol>
      <symbol id="sm-418">
         <name>abort</name>
         <value>0x5d9d</value>
         <object_component_ref idref="oc-74"/>
      </symbol>
      <symbol id="sm-419">
         <name>exit</name>
         <value>0x5da5</value>
         <object_component_ref idref="oc-74"/>
      </symbol>
      <symbol id="sm-41a">
         <name>__TI_dtors_ptr</name>
         <value>0x20000f64</value>
         <object_component_ref idref="oc-ba"/>
      </symbol>
      <symbol id="sm-41b">
         <name>__TI_cleanup_ptr</name>
         <value>0x20000f60</value>
         <object_component_ref idref="oc-ba"/>
      </symbol>
      <symbol id="sm-41c">
         <name>__TI_enable_exit_profile_output</name>
         <value>0x20000f68</value>
         <object_component_ref idref="oc-ba"/>
      </symbol>
      <symbol id="sm-433">
         <name>__aeabi_dsub</name>
         <value>0x4a05</value>
         <object_component_ref idref="oc-ea"/>
      </symbol>
      <symbol id="sm-434">
         <name>__aeabi_dadd</name>
         <value>0x4a0f</value>
         <object_component_ref idref="oc-ea"/>
      </symbol>
      <symbol id="sm-456">
         <name>__aeabi_cdcmpeq</name>
         <value>0x5959</value>
         <object_component_ref idref="oc-182"/>
      </symbol>
      <symbol id="sm-457">
         <name>__aeabi_cdcmple</name>
         <value>0x5959</value>
         <object_component_ref idref="oc-182"/>
      </symbol>
      <symbol id="sm-458">
         <name>__aeabi_cdrcmple</name>
         <value>0x59df</value>
         <object_component_ref idref="oc-19a"/>
      </symbol>
      <symbol id="sm-46c">
         <name>__aeabi_ddiv</name>
         <value>0x530d</value>
         <object_component_ref idref="oc-ff"/>
      </symbol>
      <symbol id="sm-477">
         <name>__aeabi_dmul</name>
         <value>0x5545</value>
         <object_component_ref idref="oc-e5"/>
      </symbol>
      <symbol id="sm-481">
         <name>__aeabi_d2iz</name>
         <value>0x5e85</value>
         <object_component_ref idref="oc-134"/>
      </symbol>
      <symbol id="sm-48d">
         <name>__aeabi_d2f</name>
         <value>0x5b51</value>
         <object_component_ref idref="oc-1a4"/>
      </symbol>
      <symbol id="sm-497">
         <name>__aeabi_d2uiz</name>
         <value>0x5ecd</value>
         <object_component_ref idref="oc-ef"/>
      </symbol>
      <symbol id="sm-4a2">
         <name>__aeabi_f2d</name>
         <value>0x5f11</value>
         <object_component_ref idref="oc-1a9"/>
      </symbol>
      <symbol id="sm-4ac">
         <name>__aeabi_i2d</name>
         <value>0x5f7d</value>
         <object_component_ref idref="oc-fa"/>
      </symbol>
      <symbol id="sm-4c7">
         <name>memcpy</name>
         <value>0x5835</value>
         <object_component_ref idref="oc-37"/>
      </symbol>
      <symbol id="sm-4c8">
         <name>__aeabi_memcpy</name>
         <value>0x5835</value>
         <object_component_ref idref="oc-37"/>
      </symbol>
      <symbol id="sm-4c9">
         <name>__aeabi_memcpy8</name>
         <value>0x5835</value>
         <object_component_ref idref="oc-37"/>
      </symbol>
      <symbol id="sm-4ca">
         <name>__aeabi_memcpy4</name>
         <value>0x5835</value>
         <object_component_ref idref="oc-37"/>
      </symbol>
      <symbol id="sm-53e">
         <name>_sys_memory</name>
         <value>0x20000a70</value>
         <object_component_ref idref="oc-2b"/>
      </symbol>
      <symbol id="sm-53f">
         <name>free</name>
         <value>0x3e83</value>
         <object_component_ref idref="oc-208"/>
      </symbol>
      <symbol id="sm-540">
         <name>realloc</name>
         <value>0x3f45</value>
         <object_component_ref idref="oc-208"/>
      </symbol>
      <symbol id="sm-541">
         <name>memalign</name>
         <value>0x4051</value>
         <object_component_ref idref="oc-208"/>
      </symbol>
      <symbol id="sm-542">
         <name>calloc</name>
         <value>0x4135</value>
         <object_component_ref idref="oc-208"/>
      </symbol>
      <symbol id="sm-543">
         <name>malloc</name>
         <value>0x3e1b</value>
         <object_component_ref idref="oc-208"/>
      </symbol>
      <symbol id="sm-544">
         <name>minit</name>
         <value>0x3d8d</value>
         <object_component_ref idref="oc-208"/>
      </symbol>
      <symbol id="sm-553">
         <name>__aeabi_memset</name>
         <value>0x5a67</value>
         <object_component_ref idref="oc-50"/>
      </symbol>
      <symbol id="sm-554">
         <name>memset</name>
         <value>0x5a6d</value>
         <object_component_ref idref="oc-50"/>
      </symbol>
      <symbol id="sm-555">
         <name>__aeabi_memset8</name>
         <value>0x5a67</value>
         <object_component_ref idref="oc-50"/>
      </symbol>
      <symbol id="sm-556">
         <name>__aeabi_memset4</name>
         <value>0x5a67</value>
         <object_component_ref idref="oc-50"/>
      </symbol>
      <symbol id="sm-557">
         <name>__aeabi_memclr8</name>
         <value>0x5a65</value>
         <object_component_ref idref="oc-50"/>
      </symbol>
      <symbol id="sm-558">
         <name>__aeabi_memclr4</name>
         <value>0x5a65</value>
         <object_component_ref idref="oc-50"/>
      </symbol>
      <symbol id="sm-559">
         <name>__aeabi_memclr</name>
         <value>0x5a65</value>
         <object_component_ref idref="oc-50"/>
      </symbol>
      <symbol id="sm-563">
         <name>__mpu_init</name>
         <value>0x3d8b</value>
         <object_component_ref idref="oc-5c"/>
      </symbol>
      <symbol id="sm-56d">
         <name>_system_pre_init</name>
         <value>0x60e5</value>
         <object_component_ref idref="oc-62"/>
      </symbol>
      <symbol id="sm-5bf">
         <name>cosl</name>
         <value>0x2cd1</value>
         <object_component_ref idref="oc-104"/>
      </symbol>
      <symbol id="sm-5c0">
         <name>cos</name>
         <value>0x2cd1</value>
         <object_component_ref idref="oc-104"/>
      </symbol>
      <symbol id="sm-60d">
         <name>sin</name>
         <value>0x32b5</value>
         <object_component_ref idref="oc-139"/>
      </symbol>
      <symbol id="sm-60e">
         <name>sinl</name>
         <value>0x32b5</value>
         <object_component_ref idref="oc-139"/>
      </symbol>
      <symbol id="sm-627">
         <name>sprintf</name>
         <value>0x5c8d</value>
         <object_component_ref idref="oc-11c"/>
      </symbol>
      <symbol id="sm-62f">
         <name>main_func_sp</name>
         <value>0x20000f84</value>
         <object_component_ref idref="oc-7a"/>
      </symbol>
      <symbol id="sm-63e">
         <name>strcmp</name>
         <value>0x6019</value>
         <object_component_ref idref="oc-1f4"/>
      </symbol>
      <symbol id="sm-64c">
         <name>strcpy</name>
         <value>0x6071</value>
         <object_component_ref idref="oc-1fa"/>
      </symbol>
      <symbol id="sm-65a">
         <name>strlen</name>
         <value>0x6085</value>
         <object_component_ref idref="oc-275"/>
      </symbol>
      <symbol id="sm-664">
         <name>__aeabi_ui2d</name>
         <value>0x5fab</value>
         <object_component_ref idref="oc-e0"/>
      </symbol>
      <symbol id="sm-680">
         <name>vsnprintf</name>
         <value>0x58d1</value>
         <object_component_ref idref="oc-1ee"/>
      </symbol>
      <symbol id="sm-699">
         <name>_nop</name>
         <value>0x6057</value>
         <object_component_ref idref="oc-15d"/>
      </symbol>
      <symbol id="sm-69a">
         <name>_lock</name>
         <value>0x20000f78</value>
         <object_component_ref idref="oc-bd"/>
      </symbol>
      <symbol id="sm-69b">
         <name>_unlock</name>
         <value>0x20000f7c</value>
         <object_component_ref idref="oc-bd"/>
      </symbol>
      <symbol id="sm-69c">
         <name>_register_lock</name>
         <value>0x604f</value>
         <object_component_ref idref="oc-15d"/>
      </symbol>
      <symbol id="sm-69d">
         <name>_register_unlock</name>
         <value>0x6049</value>
         <object_component_ref idref="oc-15d"/>
      </symbol>
      <symbol id="sm-7a4">
         <name>__TI_printfi</name>
         <value>0x1077</value>
         <object_component_ref idref="oc-1ca"/>
      </symbol>
      <symbol id="sm-7b8">
         <name>_args_main</name>
         <value>0x6001</value>
         <object_component_ref idref="oc-6e"/>
      </symbol>
      <symbol id="sm-7ce">
         <name>atoi</name>
         <value>0x5ded</value>
         <object_component_ref idref="oc-293"/>
      </symbol>
      <symbol id="sm-7f3">
         <name>__TI_auto_init</name>
         <value>0x5ae1</value>
         <object_component_ref idref="oc-68"/>
      </symbol>
      <symbol id="sm-80d">
         <name>copy_in</name>
         <value>0x5e39</value>
         <object_component_ref idref="oc-a4"/>
      </symbol>
      <symbol id="sm-818">
         <name>_ctypes_</name>
         <value>0x6240</value>
         <object_component_ref idref="oc-303"/>
      </symbol>
      <symbol id="sm-82e">
         <name>__kernel_cos</name>
         <value>0x5049</value>
         <object_component_ref idref="oc-17c"/>
      </symbol>
      <symbol id="sm-896">
         <name>__kernel_rem_pio2</name>
         <value>0x2591</value>
         <object_component_ref idref="oc-187"/>
      </symbol>
      <symbol id="sm-8ad">
         <name>__kernel_sin</name>
         <value>0x4d65</value>
         <object_component_ref idref="oc-18d"/>
      </symbol>
      <symbol id="sm-8bc">
         <name>ltoa</name>
         <value>0x5ced</value>
         <object_component_ref idref="oc-27b"/>
      </symbol>
      <symbol id="sm-8cc">
         <name>memccpy</name>
         <value>0x5fcb</value>
         <object_component_ref idref="oc-28d"/>
      </symbol>
      <symbol id="sm-8e9">
         <name>floorl</name>
         <value>0x573d</value>
         <object_component_ref idref="oc-244"/>
      </symbol>
      <symbol id="sm-8ea">
         <name>floor</name>
         <value>0x573d</value>
         <object_component_ref idref="oc-244"/>
      </symbol>
      <symbol id="sm-900">
         <name>frexpl</name>
         <value>0x5c29</value>
         <object_component_ref idref="oc-281"/>
      </symbol>
      <symbol id="sm-901">
         <name>frexp</name>
         <value>0x5c29</value>
         <object_component_ref idref="oc-281"/>
      </symbol>
      <symbol id="sm-91e">
         <name>scalbn</name>
         <value>0x5641</value>
         <object_component_ref idref="oc-23e"/>
      </symbol>
      <symbol id="sm-91f">
         <name>scalbnl</name>
         <value>0x5641</value>
         <object_component_ref idref="oc-23e"/>
      </symbol>
      <symbol id="sm-920">
         <name>ldexpl</name>
         <value>0x5641</value>
         <object_component_ref idref="oc-23e"/>
      </symbol>
      <symbol id="sm-921">
         <name>ldexp</name>
         <value>0x5641</value>
         <object_component_ref idref="oc-23e"/>
      </symbol>
      <symbol id="sm-92b">
         <name>_system_post_cinit</name>
         <value>0x4bbb</value>
         <object_component_ref idref="oc-aa"/>
      </symbol>
      <symbol id="sm-93b">
         <name>strchr</name>
         <value>0x6031</value>
         <object_component_ref idref="oc-287"/>
      </symbol>
      <symbol id="sm-957">
         <name>__aeabi_uldivmod</name>
         <value>0x4455</value>
         <object_component_ref idref="oc-270"/>
      </symbol>
      <symbol id="sm-961">
         <name>copysign</name>
         <value>0x605d</value>
         <object_component_ref idref="oc-2e3"/>
      </symbol>
      <symbol id="sm-962">
         <name>copysignl</name>
         <value>0x605d</value>
         <object_component_ref idref="oc-2e3"/>
      </symbol>
      <symbol id="sm-982">
         <name>IntRegister</name>
         <value>0x5f49</value>
         <object_component_ref idref="oc-1b2"/>
      </symbol>
      <symbol id="sm-983">
         <name>g_pfnRAMVectors</name>
         <value>0x20000000</value>
         <object_component_ref idref="oc-262"/>
      </symbol>
      <symbol id="sm-984">
         <name>IntMasterEnable</name>
         <value>0x6099</value>
         <object_component_ref idref="oc-1b8"/>
      </symbol>
      <symbol id="sm-98e">
         <name>CPUcpsie</name>
         <value>0x60c7</value>
         <object_component_ref idref="oc-267"/>
      </symbol>
      <symbol id="sm-98f">
         <name>__TI_static_base__</name>
         <value>0x0</value>
      </symbol>
      <symbol id="sm-992">
         <name>SHT$$INIT_ARRAY$$Limit</name>
         <value>0x0</value>
      </symbol>
      <symbol id="sm-993">
         <name>SHT$$INIT_ARRAY$$Base</name>
         <value>0x0</value>
      </symbol>
   </symbol_table>
   <title>Link successful</title>
</link_info>
